Component: Arm Compiler for Embedded 6.22 Tool: armlink [5ee90200]

==============================================================================

Section Cross References

    startup_stm32g431xx.o(STACK) refers (Special) to heapauxi.o(.text) for __use_two_region_memory
    startup_stm32g431xx.o(HEAP) refers (Special) to heapauxi.o(.text) for __use_two_region_memory
    startup_stm32g431xx.o(RESET) refers (Special) to heapauxi.o(.text) for __use_two_region_memory
    startup_stm32g431xx.o(RESET) refers to startup_stm32g431xx.o(STACK) for __initial_sp
    startup_stm32g431xx.o(RESET) refers to startup_stm32g431xx.o(.text) for Reset_Handler
    startup_stm32g431xx.o(RESET) refers to stm32g4xx_it.o(.text.NMI_Handler) for NMI_Handler
    startup_stm32g431xx.o(RESET) refers to stm32g4xx_it.o(.text.HardFault_Handler) for HardFault_Handler
    startup_stm32g431xx.o(RESET) refers to stm32g4xx_it.o(.text.MemManage_Handler) for MemManage_Handler
    startup_stm32g431xx.o(RESET) refers to stm32g4xx_it.o(.text.BusFault_Handler) for BusFault_Handler
    startup_stm32g431xx.o(RESET) refers to stm32g4xx_it.o(.text.UsageFault_Handler) for UsageFault_Handler
    startup_stm32g431xx.o(RESET) refers to stm32g4xx_it.o(.text.SVC_Handler) for SVC_Handler
    startup_stm32g431xx.o(RESET) refers to stm32g4xx_it.o(.text.DebugMon_Handler) for DebugMon_Handler
    startup_stm32g431xx.o(RESET) refers to stm32g4xx_it.o(.text.PendSV_Handler) for PendSV_Handler
    startup_stm32g431xx.o(RESET) refers to stm32g4xx_it.o(.text.SysTick_Handler) for SysTick_Handler
    startup_stm32g431xx.o(RESET) refers to stm32g4xx_it.o(.text.TIM2_IRQHandler) for TIM2_IRQHandler
    startup_stm32g431xx.o(RESET) refers to stm32g4xx_it.o(.text.TIM3_IRQHandler) for TIM3_IRQHandler
    startup_stm32g431xx.o(RESET) refers to stm32g4xx_it.o(.text.TIM6_DAC_IRQHandler) for TIM6_DAC_IRQHandler
    startup_stm32g431xx.o(.text) refers (Special) to heapauxi.o(.text) for __use_two_region_memory
    startup_stm32g431xx.o(.text) refers to system_stm32g4xx.o(.text.SystemInit) for SystemInit
    startup_stm32g431xx.o(.text) refers to __main.o(!!!main) for __main
    startup_stm32g431xx.o(.text) refers to startup_stm32g431xx.o(HEAP) for Heap_Mem
    startup_stm32g431xx.o(.text) refers to startup_stm32g431xx.o(STACK) for Stack_Mem
    main.o(.text.LCD_Tick) refers to main.o(.bss.LCD_Tick.lcd_count) for LCD_Tick.lcd_count
    main.o(.text.LCD_Tick) refers to main.o(.bss.lcd_showsign) for lcd_showsign
    main.o(.ARM.exidx.text.LCD_Tick) refers to main.o(.text.LCD_Tick) for [Anonymous Symbol]
    main.o(.text.Page1_1) refers to main.o(.rodata.str1.1) for .L.str
    main.o(.text.Page1_1) refers to lcd.o(.text.LCD_ShowString) for LCD_ShowString
    main.o(.text.Page1_1) refers to f2d.o(x$fpl$f2d) for __aeabi_f2d
    main.o(.text.Page1_1) refers to sprintf.o(.text) for sprintf
    main.o(.ARM.exidx.text.Page1_1) refers to main.o(.text.Page1_1) for [Anonymous Symbol]
    main.o(.text.Page1_2) refers to main.o(.rodata.str1.1) for .L.str
    main.o(.text.Page1_2) refers to lcd.o(.text.LCD_ShowString) for LCD_ShowString
    main.o(.text.Page1_2) refers to f2d.o(x$fpl$f2d) for __aeabi_f2d
    main.o(.text.Page1_2) refers to sprintf.o(.text) for sprintf
    main.o(.ARM.exidx.text.Page1_2) refers to main.o(.text.Page1_2) for [Anonymous Symbol]
    main.o(.text.Page2) refers to main.o(.rodata.str1.1) for .L.str.11
    main.o(.text.Page2) refers to lcd.o(.text.LCD_ShowString) for LCD_ShowString
    main.o(.text.Page2) refers to sprintf.o(.text) for sprintf
    main.o(.ARM.exidx.text.Page2) refers to main.o(.text.Page2) for [Anonymous Symbol]
    main.o(.text.Page3) refers to main.o(.rodata.str1.1) for .L.str.15
    main.o(.text.Page3) refers to lcd.o(.text.LCD_ShowString) for LCD_ShowString
    main.o(.text.Page3) refers to sprintf.o(.text) for sprintf
    main.o(.ARM.exidx.text.Page3) refers to main.o(.text.Page3) for [Anonymous Symbol]
    main.o(.text.LCD_Show) refers to main.o(.bss.lcd_showsign) for lcd_showsign
    main.o(.text.LCD_Show) refers to main.o(.data.lcd_pagesign) for lcd_pagesign
    main.o(.text.LCD_Show) refers to main.o(.data.lcd_page1sign) for lcd_page1sign
    main.o(.text.LCD_Show) refers to main.o(.bss.Afre_PX) for Afre_PX
    main.o(.text.LCD_Show) refers to main.o(.bss.Bfre_PX) for Bfre_PX
    main.o(.text.LCD_Show) refers to main.o(.text.Page1_1) for Page1_1
    main.o(.text.LCD_Show) refers to main.o(.text.Page1_2) for Page1_2
    main.o(.text.LCD_Show) refers to main.o(.data.PD) for PD
    main.o(.text.LCD_Show) refers to main.o(.data.PH) for PH
    main.o(.text.LCD_Show) refers to main.o(.bss.PX) for PX
    main.o(.text.LCD_Show) refers to main.o(.text.Page2) for Page2
    main.o(.text.LCD_Show) refers to main.o(.bss.NDA) for NDA
    main.o(.text.LCD_Show) refers to main.o(.bss.NDB) for NDB
    main.o(.text.LCD_Show) refers to main.o(.bss.NHA) for NHA
    main.o(.text.LCD_Show) refers to main.o(.bss.NHB) for NHB
[...]
    key2_click_up                            0x200001be   Data           1  key.o(.bss.key2_click_up)
    [Anonymous Symbol]                       0x200001be   Section        0  key.o(.bss.key2_click_up)
    key2_doubleclick_sign                    0x200001bf   Data           1  key.o(.bss.key2_doubleclick_sign)
    [Anonymous Symbol]                       0x200001bf   Section        0  key.o(.bss.key2_doubleclick_sign)
    key2_keepon                              0x200001c0   Data           1  key.o(.bss.key2_keepon)
    [Anonymous Symbol]                       0x200001c0   Section        0  key.o(.bss.key2_keepon)
    key2_keepon_sign                         0x200001c1   Data           1  key.o(.bss.key2_keepon_sign)
    [Anonymous Symbol]                       0x200001c1   Section        0  key.o(.bss.key2_keepon_sign)
    key3_click_down                          0x200001c2   Data           1  key.o(.bss.key3_click_down)
    [Anonymous Symbol]                       0x200001c2   Section        0  key.o(.bss.key3_click_down)
    key3_click_up                            0x200001c3   Data           1  key.o(.bss.key3_click_up)
    [Anonymous Symbol]                       0x200001c3   Section        0  key.o(.bss.key3_click_up)
    key3_doubleclick_sign                    0x200001c4   Data           1  key.o(.bss.key3_doubleclick_sign)
    [Anonymous Symbol]                       0x200001c4   Section        0  key.o(.bss.key3_doubleclick_sign)
    key3_keepon                              0x200001c5   Data           1  key.o(.bss.key3_keepon)
    [Anonymous Symbol]                       0x200001c5   Section        0  key.o(.bss.key3_keepon)
    key3_keepon_sign                         0x200001c6   Data           1  key.o(.bss.key3_keepon_sign)
    [Anonymous Symbol]                       0x200001c6   Section        0  key.o(.bss.key3_keepon_sign)
    key4_click_down                          0x200001c7   Data           1  key.o(.bss.key4_click_down)
    [Anonymous Symbol]                       0x200001c7   Section        0  key.o(.bss.key4_click_down)
    key4_click_up                            0x200001c8   Data           1  key.o(.bss.key4_click_up)
    [Anonymous Symbol]                       0x200001c8   Section        0  key.o(.bss.key4_click_up)
    key4_doubleclick_sign                    0x200001c9   Data           1  key.o(.bss.key4_doubleclick_sign)
    [Anonymous Symbol]                       0x200001c9   Section        0  key.o(.bss.key4_doubleclick_sign)
    key4_keepon                              0x200001ca   Data           1  key.o(.bss.key4_keepon)
    [Anonymous Symbol]                       0x200001ca   Section        0  key.o(.bss.key4_keepon)
    key4_keepon_sign                         0x200001cb   Data           1  key.o(.bss.key4_keepon_sign)
    [Anonymous Symbol]                       0x200001cb   Section        0  key.o(.bss.key4_keepon_sign)
    key_curstate                             0x200001cc   Data           1  key.o(.bss.key_curstate)
    [Anonymous Symbol]                       0x200001cc   Section        0  key.o(.bss.key_curstate)
    key_state_down                           0x200001cd   Data           1  key.o(.bss.key_state_down)
    [Anonymous Symbol]                       0x200001cd   Section        0  key.o(.bss.key_state_down)
    key_state_up                             0x200001ce   Data           1  key.o(.bss.key_state_up)
    [Anonymous Symbol]                       0x200001ce   Section        0  key.o(.bss.key_state_up)
    Heap_Mem                                 0x200001d8   Data         512  startup_stm32g431xx.o(HEAP)
    HEAP                                     0x200001d8   Section      512  startup_stm32g431xx.o(HEAP)
    Stack_Mem                                0x200003d8   Data        1024  startup_stm32g431xx.o(STACK)
    STACK                                    0x200003d8   Section     1024  startup_stm32g431xx.o(STACK)
    __initial_sp                             0x200007d8   Data           0  startup_stm32g431xx.o(STACK)

    Global Symbols

    Symbol Name                              Value     Ov Type        Size  Object(Section)

    BuildAttributes$$THM_ISAv4$E$P$D$K$B$S$7EM$VFPi3$EXTD16$VFPS$VFMA$PE$A:L22UL41UL21$X:L11$S22US41US21$IEEE1$IW$~IW$USESV6$~STKCKD$USESV7$~SHL$OTIME$ROPI$IEEEJ$EBA8$UX$STANDARDLIB$REQ8$PRES8$EABIv2 0x00000000   Number         0  anon$$obj.o ABSOLUTE
    _printf_flags                            0x00000000   Number         0  printf_stubs.o ABSOLUTE
    _printf_return_value                     0x00000000   Number         0  printf_stubs.o ABSOLUTE
    _printf_sizespec                         0x00000000   Number         0  printf_stubs.o ABSOLUTE
    _printf_widthprec                        0x00000000   Number         0  printf_stubs.o ABSOLUTE
    __ARM_exceptions_init                     - Undefined Weak Reference
    __alloca_initialize                       - Undefined Weak Reference
    __arm_preinit_                            - Undefined Weak Reference
    __arm_relocate_pie_                       - Undefined Weak Reference
    __cpp_initialize__aeabi_                  - Undefined Weak Reference
    __cxa_finalize                            - Undefined Weak Reference
    __sigvec_lookup                           - Undefined Weak Reference
    _atexit_init                              - Undefined Weak Reference
    _call_atexit_fns                          - Undefined Weak Reference
    _clock_init                               - Undefined Weak Reference
    _fp_trap_init                             - Undefined Weak Reference
    _fp_trap_shutdown                         - Undefined Weak Reference
    _get_lc_collate                           - Undefined Weak Reference
    _get_lc_monetary                          - Undefined Weak Reference
    _get_lc_time                              - Undefined Weak Reference
    _getenv_init                              - Undefined Weak Reference
    _handle_redirection                       - Undefined Weak Reference
    _init_alloc                               - Undefined Weak Reference
    _init_user_alloc                          - Undefined Weak Reference
    _initio                                   - Undefined Weak Reference
    _printf_mbtowc                            - Undefined Weak Reference
    _printf_wc                                - Undefined Weak Reference
    _rand_init                                - Undefined Weak Reference
    _signal_finish                            - Undefined Weak Reference
    _signal_init                              - Undefined Weak Reference
    _terminate_alloc                          - Undefined Weak Reference
    _terminate_user_alloc                     - Undefined Weak Reference
    _terminateio                              - Undefined Weak Reference
    __Vectors_Size                           0x000001d8   Number         0  startup_stm32g431xx.o ABSOLUTE
    __Vectors                                0x08000000   Data           4  startup_stm32g431xx.o(RESET)
    __Vectors_End                            0x080001d8   Data           0  startup_stm32g431xx.o(RESET)
    __main                                   0x080001d9   Thumb Code     8  __main.o(!!!main)
    __scatterload                            0x080001e1   Thumb Code     0  __scatter.o(!!!scatter)
    __scatterload_rt2                        0x080001e1   Thumb Code    84  __scatter.o(!!!scatter)
    __scatterload_rt2_thumb_only             0x080001e1   Thumb Code     0  __scatter.o(!!!scatter)
    __scatterload_loop                       0x080001eb   Thumb Code     0  __scatter.o(!!!scatter)
    __scatterload_copy                       0x0800023d   Thumb Code    26  __scatter_copy.o(!!handler_copy)
    __scatterload_null                       0x08000259   Thumb Code     2  __scatter.o(!!handler_null)
    __scatterload_zeroinit                   0x0800025d   Thumb Code    28  __scatter_zi.o(!!handler_zi)
    _printf_n                                0x08000279   Thumb Code     0  _printf_n.o(.ARM.Collect$$_printf_percent$$00000001)
    _printf_percent                          0x08000279   Thumb Code     0  _printf_percent.o(.ARM.Collect$$_printf_percent$$00000000)
    _printf_p                                0x0800027f   Thumb Code     0  _printf_p.o(.ARM.Collect$$_printf_percent$$00000002)
    _printf_f                                0x08000285   Thumb Code     0  _printf_f.o(.ARM.Collect$$_printf_percent$$00000003)
    _printf_e                                0x0800028b   Thumb Code     0  _printf_e.o(.ARM.Collect$$_printf_percent$$00000004)
    _printf_g                                0x08000291   Thumb Code     0  _printf_g.o(.ARM.Collect$$_printf_percent$$00000005)
    _printf_a                                0x08000297   Thumb Code     0  _printf_a.o(.ARM.Collect$$_printf_percent$$00000006)
    _printf_ll                               0x0800029d   Thumb Code     0  _printf_ll.o(.ARM.Collect$$_printf_percent$$00000007)
    _printf_i                                0x080002a7   Thumb Code     0  _printf_i.o(.ARM.Collect$$_printf_percent$$00000008)
    _printf_d                                0x080002ad   Thumb Code     0  _printf_d.o(.ARM.Collect$$_printf_percent$$00000009)
    _printf_u                                0x080002b3   Thumb Code     0  _printf_u.o(.ARM.Collect$$_printf_percent$$0000000A)
    _printf_o                                0x080002b9   Thumb Code     0  _printf_o.o(.ARM.Collect$$_printf_percent$$0000000B)
    _printf_x                                0x080002bf   Thumb Code     0  _printf_x.o(.ARM.Collect$$_printf_percent$$0000000C)
    _printf_lli                              0x080002c5   Thumb Code     0  _printf_lli.o(.ARM.Collect$$_printf_percent$$0000000D)
    _printf_lld                              0x080002cb   Thumb Code     0  _printf_lld.o(.ARM.Collect$$_printf_percent$$0000000E)
    _printf_llu                              0x080002d1   Thumb Code     0  _printf_llu.o(.ARM.Collect$$_printf_percent$$0000000F)
    _printf_llo                              0x080002d7   Thumb Code     0  _printf_llo.o(.ARM.Collect$$_printf_percent$$00000010)
    _printf_llx                              0x080002dd   Thumb Code     0  _printf_llx.o(.ARM.Collect$$_printf_percent$$00000011)
    _printf_l                                0x080002e3   Thumb Code     0  _printf_l.o(.ARM.Collect$$_printf_percent$$00000012)
    _printf_c                                0x080002ed   Thumb Code     0  _printf_c.o(.ARM.Collect$$_printf_percent$$00000013)
    _printf_s                                0x080002f3   Thumb Code     0  _printf_s.o(.ARM.Collect$$_printf_percent$$00000014)
    _printf_lc                               0x080002f9   Thumb Code     0  _printf_lc.o(.ARM.Collect$$_printf_percent$$00000015)
    _printf_ls                               0x080002ff   Thumb Code     0  _printf_ls.o(.ARM.Collect$$_printf_percent$$00000016)
    _printf_percent_end                      0x08000305   Thumb Code     0  _printf_percent_end.o(.ARM.Collect$$_printf_percent$$00000017)
    __rt_lib_init                            0x08000309   Thumb Code     0  libinit.o(.ARM.Collect$$libinit$$00000000)
    __rt_lib_init_fp_1                       0x0800030b   Thumb Code     0  libinit2.o(.ARM.Collect$$libinit$$00000001)
    __rt_lib_init_heap_1                     0x0800030f   Thumb Code     0  libinit2.o(.ARM.Collect$$libinit$$0000000C)
    __rt_lib_init_lc_common                  0x0800030f   Thumb Code     0  libinit2.o(.ARM.Collect$$libinit$$00000011)
    __rt_lib_init_preinit_1                  0x0800030f   Thumb Code     0  libinit2.o(.ARM.Collect$$libinit$$00000006)
    __rt_lib_init_rand_1                     0x0800030f   Thumb Code     0  libinit2.o(.ARM.Collect$$libinit$$00000010)
    __rt_lib_init_relocate_pie_1             0x0800030f   Thumb Code     0  libinit2.o(.ARM.Collect$$libinit$$00000004)
    __rt_lib_init_user_alloc_1               0x0800030f   Thumb Code     0  libinit2.o(.ARM.Collect$$libinit$$0000000E)
    __rt_lib_init_lc_collate_1               0x08000315   Thumb Code     0  libinit2.o(.ARM.Collect$$libinit$$00000013)
    __rt_lib_init_lc_ctype_2                 0x08000315   Thumb Code     0  libinit2.o(.ARM.Collect$$libinit$$00000014)
    __rt_lib_init_lc_ctype_1                 0x08000321   Thumb Code     0  libinit2.o(.ARM.Collect$$libinit$$00000015)
    __rt_lib_init_lc_monetary_1              0x08000321   Thumb Code     0  libinit2.o(.ARM.Collect$$libinit$$00000017)
    __rt_lib_init_lc_numeric_2               0x08000321   Thumb Code     0  libinit2.o(.ARM.Collect$$libinit$$00000018)
    __rt_lib_init_alloca_1                   0x0800032b   Thumb Code     0  libinit2.o(.ARM.Collect$$libinit$$00000030)
    __rt_lib_init_argv_1                     0x0800032b   Thumb Code     0  libinit2.o(.ARM.Collect$$libinit$$0000002E)
    __rt_lib_init_atexit_1                   0x0800032b   Thumb Code     0  libinit2.o(.ARM.Collect$$libinit$$0000001D)
    __rt_lib_init_clock_1                    0x0800032b   Thumb Code     0  libinit2.o(.ARM.Collect$$libinit$$00000023)
    __rt_lib_init_cpp_1                      0x0800032b   Thumb Code     0  libinit2.o(.ARM.Collect$$libinit$$00000034)
    __rt_lib_init_exceptions_1               0x0800032b   Thumb Code     0  libinit2.o(.ARM.Collect$$libinit$$00000032)
    __rt_lib_init_fp_trap_1                  0x0800032b   Thumb Code     0  libinit2.o(.ARM.Collect$$libinit$$00000021)
    __rt_lib_init_getenv_1                   0x0800032b   Thumb Code     0  libinit2.o(.ARM.Collect$$libinit$$00000025)
    __rt_lib_init_lc_numeric_1               0x0800032b   Thumb Code     0  libinit2.o(.ARM.Collect$$libinit$$00000019)
    __rt_lib_init_lc_time_1                  0x0800032b   Thumb Code     0  libinit2.o(.ARM.Collect$$libinit$$0000001B)
    __rt_lib_init_return                     0x0800032b   Thumb Code     0  libinit2.o(.ARM.Collect$$libinit$$00000035)
    __rt_lib_init_signal_1                   0x0800032b   Thumb Code     0  libinit2.o(.ARM.Collect$$libinit$$0000001F)
    __rt_lib_init_stdio_1                    0x0800032b   Thumb Code     0  libinit2.o(.ARM.Collect$$libinit$$00000027)
    __rt_lib_shutdown                        0x0800032d   Thumb Code     0  libshutdown.o(.ARM.Collect$$libshutdown$$00000000)
    __rt_lib_shutdown_cpp_1                  0x0800032f   Thumb Code     0  libshutdown2.o(.ARM.Collect$$libshutdown$$00000002)
    __rt_lib_shutdown_fp_trap_1              0x0800032f   Thumb Code     0  libshutdown2.o(.ARM.Collect$$libshutdown$$00000007)
    __rt_lib_shutdown_heap_1                 0x0800032f   Thumb Code     0  libshutdown2.o(.ARM.Collect$$libshutdown$$0000000F)
    __rt_lib_shutdown_return                 0x0800032f   Thumb Code     0  libshutdown2.o(.ARM.Collect$$libshutdown$$00000010)
    __rt_lib_shutdown_signal_1               0x0800032f   Thumb Code     0  libshutdown2.o(.ARM.Collect$$libshutdown$$0000000A)
    __rt_lib_shutdown_stdio_1                0x0800032f   Thumb Code     0  libshutdown2.o(.ARM.Collect$$libshutdown$$00000004)
    __rt_lib_shutdown_user_alloc_1           0x0800032f   Thumb Code     0  libshutdown2.o(.ARM.Collect$$libshutdown$$0000000C)
    __rt_entry                               0x08000331   Thumb Code     0  __rtentry.o(.ARM.Collect$$rtentry$$00000000)
    __rt_entry_presh_1                       0x08000331   Thumb Code     0  __rtentry2.o(.ARM.Collect$$rtentry$$00000002)
    __rt_entry_sh                            0x08000331   Thumb Code     0  __rtentry4.o(.ARM.Collect$$rtentry$$00000004)
    __rt_entry_li                            0x08000337   Thumb Code     0  __rtentry2.o(.ARM.Collect$$rtentry$$0000000A)
    __rt_entry_postsh_1                      0x08000337   Thumb Code     0  __rtentry2.o(.ARM.Collect$$rtentry$$00000009)
    __rt_entry_main                          0x0800033b   Thumb Code     0  __rtentry2.o(.ARM.Collect$$rtentry$$0000000D)
    __rt_entry_postli_1                      0x0800033b   Thumb Code     0  __rtentry2.o(.ARM.Collect$$rtentry$$0000000C)
    __rt_exit                                0x08000343   Thumb Code     0  rtexit.o(.ARM.Collect$$rtexit$$00000000)
    __rt_exit_ls                             0x08000345   Thumb Code     0  rtexit2.o(.ARM.Collect$$rtexit$$00000003)
    __rt_exit_prels_1                        0x08000345   Thumb Code     0  rtexit2.o(.ARM.Collect$$rtexit$$00000002)
    __rt_exit_exit                           0x08000349   Thumb Code     0  rtexit2.o(.ARM.Collect$$rtexit$$00000004)
    Reset_Handler                            0x08000351   Thumb Code     8  startup_stm32g431xx.o(.text)
    ADC1_2_IRQHandler                        0x0800036b   Thumb Code     0  startup_stm32g431xx.o(.text)
    COMP1_2_3_IRQHandler                     0x0800036b   Thumb Code     0  startup_stm32g431xx.o(.text)
    COMP4_IRQHandler                         0x0800036b   Thumb Code     0  startup_stm32g431xx.o(.text)
    CORDIC_IRQHandler                        0x0800036b   Thumb Code     0  startup_stm32g431xx.o(.text)
    CRS_IRQHandler                           0x0800036b   Thumb Code     0  startup_stm32g431xx.o(.text)
    DMA1_Channel1_IRQHandler                 0x0800036b   Thumb Code     0  startup_stm32g431xx.o(.text)
    DMA1_Channel2_IRQHandler                 0x0800036b   Thumb Code     0  startup_stm32g431xx.o(.text)
    DMA1_Channel3_IRQHandler                 0x0800036b   Thumb Code     0  startup_stm32g431xx.o(.text)
    DMA1_Channel4_IRQHandler                 0x0800036b   Thumb Code     0  startup_stm32g431xx.o(.text)
    DMA1_Channel5_IRQHandler                 0x0800036b   Thumb Code     0  startup_stm32g431xx.o(.text)
    DMA1_Channel6_IRQHandler                 0x0800036b   Thumb Code     0  startup_stm32g431xx.o(.text)
    DMA2_Channel1_IRQHandler                 0x0800036b   Thumb Code     0  startup_stm32g431xx.o(.text)
    DMA2_Channel2_IRQHandler                 0x0800036b   Thumb Code     0  startup_stm32g431xx.o(.text)
    DMA2_Channel3_IRQHandler                 0x0800036b   Thumb Code     0  startup_stm32g431xx.o(.text)
    DMA2_Channel4_IRQHandler                 0x0800036b   Thumb Code     0  startup_stm32g431xx.o(.text)
    DMA2_Channel5_IRQHandler                 0x0800036b   Thumb Code     0  startup_stm32g431xx.o(.text)
    DMA2_Channel6_IRQHandler                 0x0800036b   Thumb Code     0  startup_stm32g431xx.o(.text)
    DMAMUX_OVR_IRQHandler                    0x0800036b   Thumb Code     0  startup_stm32g431xx.o(.text)
    EXTI0_IRQHandler                         0x0800036b   Thumb Code     0  startup_stm32g431xx.o(.text)
    EXTI15_10_IRQHandler                     0x0800036b   Thumb Code     0  startup_stm32g431xx.o(.text)
    EXTI1_IRQHandler                         0x0800036b   Thumb Code     0  startup_stm32g431xx.o(.text)
    EXTI2_IRQHandler                         0x0800036b   Thumb Code     0  startup_stm32g431xx.o(.text)
    EXTI3_IRQHandler                         0x0800036b   Thumb Code     0  startup_stm32g431xx.o(.text)
    EXTI4_IRQHandler                         0x0800036b   Thumb Code     0  startup_stm32g431xx.o(.text)
    EXTI9_5_IRQHandler                       0x0800036b   Thumb Code     0  startup_stm32g431xx.o(.text)
    FDCAN1_IT0_IRQHandler                    0x0800036b   Thumb Code     0  startup_stm32g431xx.o(.text)
    FDCAN1_IT1_IRQHandler                    0x0800036b   Thumb Code     0  startup_stm32g431xx.o(.text)
    FLASH_IRQHandler                         0x0800036b   Thumb Code     0  startup_stm32g431xx.o(.text)
    FMAC_IRQHandler                          0x0800036b   Thumb Code     0  startup_stm32g431xx.o(.text)
    FPU_IRQHandler                           0x0800036b   Thumb Code     0  startup_stm32g431xx.o(.text)
    I2C1_ER_IRQHandler                       0x0800036b   Thumb Code     0  startup_stm32g431xx.o(.text)
    I2C1_EV_IRQHandler                       0x0800036b   Thumb Code     0  startup_stm32g431xx.o(.text)
    I2C2_ER_IRQHandler                       0x0800036b   Thumb Code     0  startup_stm32g431xx.o(.text)
    I2C2_EV_IRQHandler                       0x0800036b   Thumb Code     0  startup_stm32g431xx.o(.text)
    I2C3_ER_IRQHandler                       0x0800036b   Thumb Code     0  startup_stm32g431xx.o(.text)
    I2C3_EV_IRQHandler                       0x0800036b   Thumb Code     0  startup_stm32g431xx.o(.text)
    LPTIM1_IRQHandler                        0x0800036b   Thumb Code     0  startup_stm32g431xx.o(.text)
    LPUART1_IRQHandler                       0x0800036b   Thumb Code     0  startup_stm32g431xx.o(.text)
    PVD_PVM_IRQHandler                       0x0800036b   Thumb Code     0  startup_stm32g431xx.o(.text)
    RCC_IRQHandler                           0x0800036b   Thumb Code     0  startup_stm32g431xx.o(.text)
    RNG_IRQHandler                           0x0800036b   Thumb Code     0  startup_stm32g431xx.o(.text)
    RTC_Alarm_IRQHandler                     0x0800036b   Thumb Code     0  startup_stm32g431xx.o(.text)
    RTC_TAMP_LSECSS_IRQHandler               0x0800036b   Thumb Code     0  startup_stm32g431xx.o(.text)
    RTC_WKUP_IRQHandler                      0x0800036b   Thumb Code     0  startup_stm32g431xx.o(.text)
    SAI1_IRQHandler                          0x0800036b   Thumb Code     0  startup_stm32g431xx.o(.text)
    SPI1_IRQHandler                          0x0800036b   Thumb Code     0  startup_stm32g431xx.o(.text)
    SPI2_IRQHandler                          0x0800036b   Thumb Code     0  startup_stm32g431xx.o(.text)
    SPI3_IRQHandler                          0x0800036b   Thumb Code     0  startup_stm32g431xx.o(.text)
    TIM1_BRK_TIM15_IRQHandler                0x0800036b   Thumb Code     0  startup_stm32g431xx.o(.text)
    TIM1_CC_IRQHandler                       0x0800036b   Thumb Code     0  startup_stm32g431xx.o(.text)
    TIM1_TRG_COM_TIM17_IRQHandler            0x0800036b   Thumb Code     0  startup_stm32g431xx.o(.text)
    TIM1_UP_TIM16_IRQHandler                 0x0800036b   Thumb Code     0  startup_stm32g431xx.o(.text)
    TIM4_IRQHandler                          0x0800036b   Thumb Code     0  startup_stm32g431xx.o(.text)
    TIM7_IRQHandler                          0x0800036b   Thumb Code     0  startup_stm32g431xx.o(.text)
    TIM8_BRK_IRQHandler                      0x0800036b   Thumb Code     0  startup_stm32g431xx.o(.text)
    TIM8_CC_IRQHandler                       0x0800036b   Thumb Code     0  startup_stm32g431xx.o(.text)
    TIM8_TRG_COM_IRQHandler                  0x0800036b   Thumb Code     0  startup_stm32g431xx.o(.text)
    TIM8_UP_IRQHandler                       0x0800036b   Thumb Code     0  startup_stm32g431xx.o(.text)
    UART4_IRQHandler                         0x0800036b   Thumb Code     0  startup_stm32g431xx.o(.text)
    UCPD1_IRQHandler                         0x0800036b   Thumb Code     0  startup_stm32g431xx.o(.text)
    USART1_IRQHandler                        0x0800036b   Thumb Code     0  startup_stm32g431xx.o(.text)
    USART2_IRQHandler                        0x0800036b   Thumb Code     0  startup_stm32g431xx.o(.text)
    USART3_IRQHandler                        0x0800036b   Thumb Code     0  startup_stm32g431xx.o(.text)
    USBWakeUp_IRQHandler                     0x0800036b   Thumb Code     0  startup_stm32g431xx.o(.text)
    USB_HP_IRQHandler                        0x0800036b   Thumb Code     0  startup_stm32g431xx.o(.text)
    USB_LP_IRQHandler                        0x0800036b   Thumb Code     0  startup_stm32g431xx.o(.text)
    WWDG_IRQHandler                          0x0800036b   Thumb Code     0  startup_stm32g431xx.o(.text)
    __user_initial_stackheap                 0x0800036d   Thumb Code     0  startup_stm32g431xx.o(.text)
    sprintf                                  0x08000391   Thumb Code    38  sprintf.o(.text)
    __aeabi_memclr4                          0x080003bd   Thumb Code     0  rt_memclr_w.o(.text)
    __aeabi_memclr8                          0x080003bd   Thumb Code     0  rt_memclr_w.o(.text)
    __rt_memclr_w                            0x080003bd   Thumb Code     0  rt_memclr_w.o(.text)
    _memset_w                                0x080003c1   Thumb Code    74  rt_memclr_w.o(.text)
    __use_two_region_memory                  0x0800040b   Thumb Code     2  heapauxi.o(.text)
    __rt_heap_escrow$2region                 0x0800040d   Thumb Code     2  heapauxi.o(.text)
    __rt_heap_expand$2region                 0x0800040f   Thumb Code     2  heapauxi.o(.text)
    _printf_pre_padding                      0x08000411   Thumb Code    44  _printf_pad.o(.text)
    _printf_post_padding                     0x0800043d   Thumb Code    34  _printf_pad.o(.text)
    _printf_truncate_signed                  0x0800045f   Thumb Code    18  _printf_truncate.o(.text)
    _printf_truncate_unsigned                0x08000471   Thumb Code    18  _printf_truncate.o(.text)
    _printf_str                              0x08000483   Thumb Code    82  _printf_str.o(.text)
    _printf_int_dec                          0x080004d5   Thumb Code   104  _printf_dec.o(.text)
    _printf_charcount                        0x0800054d   Thumb Code    40  _printf_charcount.o(.text)
    _printf_char_common                      0x0800057f   Thumb Code    32  _printf_char_common.o(.text)
    _sputc                                   0x080005a5   Thumb Code    10  _sputc.o(.text)
    _printf_wctomb                           0x080005b1   Thumb Code   182  _printf_wctomb.o(.text)
    _printf_longlong_dec                     0x0800066d   Thumb Code   108  _printf_longlong_dec.o(.text)
    _printf_longlong_oct                     0x080006e9   Thumb Code    68  _printf_oct_int_ll.o(.text)
    _printf_int_oct                          0x0800072d   Thumb Code    24  _printf_oct_int_ll.o(.text)
    _printf_ll_oct                           0x08000745   Thumb Code    12  _printf_oct_int_ll.o(.text)
    _printf_longlong_hex                     0x08000759   Thumb Code    86  _printf_hex_int_ll_ptr.o(.text)
    _printf_int_hex                          0x080007af   Thumb Code    28  _printf_hex_int_ll_ptr.o(.text)
    _printf_ll_hex                           0x080007cb   Thumb Code    12  _printf_hex_int_ll_ptr.o(.text)
    _printf_hex_ptr                          0x080007d7   Thumb Code    18  _printf_hex_int_ll_ptr.o(.text)
    __printf                                 0x080007ed   Thumb Code   388  __printf_flags_ss_wp.o(.text)
    _ll_udiv10                               0x08000975   Thumb Code   138  lludiv10.o(.text)
    _printf_int_common                       0x080009ff   Thumb Code   178  _printf_intcommon.o(.text)
    _printf_fp_dec_real                      0x08000c61   Thumb Code   620  _printf_fp_dec.o(.text)
    _printf_fp_hex_real                      0x08000ecd   Thumb Code   756  _printf_fp_hex.o(.text)
    _printf_cs_common                        0x080011c9   Thumb Code    20  _printf_char.o(.text)
    _printf_char                             0x080011dd   Thumb Code    16  _printf_char.o(.text)
    _printf_string                           0x080011ed   Thumb Code     8  _printf_char.o(.text)
    _printf_lcs_common                       0x080011f5   Thumb Code    20  _printf_wchar.o(.text)
    _printf_wchar                            0x08001209   Thumb Code    16  _printf_wchar.o(.text)
    _printf_wstring                          0x08001219   Thumb Code     8  _printf_wchar.o(.text)
    _c16rtomb                                0x08001221   Thumb Code    72  _c16rtomb.o(.text)
    _wcrtomb                                 0x08001221   Thumb Code     0  _c16rtomb.o(.text)
    __user_setup_stackheap                   0x08001269   Thumb Code    74  sys_stackheap_outer.o(.text)
    __rt_ctype_table                         0x080012b5   Thumb Code    16  rt_ctype_table.o(.text)
    __rt_locale                              0x080012c5   Thumb Code     8  rt_locale_intlibspace.o(.text)
    _printf_fp_infnan                        0x080012cd   Thumb Code   112  _printf_fp_infnan.o(.text)
    _btod_etento                             0x0800134d   Thumb Code   224  bigflt0.o(.text)
    exit                                     0x08001431   Thumb Code    18  exit.o(.text)
    __user_libspace                          0x08001445   Thumb Code     8  libspace.o(.text)
    __user_perproc_libspace                  0x08001445   Thumb Code     0  libspace.o(.text)
    __user_perthread_libspace                0x08001445   Thumb Code     0  libspace.o(.text)
    strcmp                                   0x08001451   Thumb Code   124  strcmpv7em.o(.text)
    _sys_exit                                0x080014cd   Thumb Code     8  sys_exit.o(.text)
    __I$use$semihosting                      0x080014d9   Thumb Code     0  use_no_semi.o(.text)
    __use_no_semihosting_swi                 0x080014d9   Thumb Code     2  use_no_semi.o(.text)
    __semihosting_library_function           0x080014db   Thumb Code     0  indicate_semi.o(.text)
    BusFault_Handler                         0x080014dd   Thumb Code     4  stm32g4xx_it.o(.text.BusFault_Handler)
    DebugMon_Handler                         0x080014e1   Thumb Code     2  stm32g4xx_it.o(.text.DebugMon_Handler)
    Delay_LCD                                0x080014e5   Thumb Code    82  lcd.o(.text.Delay_LCD)
    Error_Handler                            0x08001539   Thumb Code    14  main.o(.text.Error_Handler)
    FRE                                      0x08001549   Thumb Code    58  main.o(.text.FRE)
    FRE_Tick                                 0x08001585   Thumb Code   684  main.o(.text.FRE_Tick)
    HAL_Delay                                0x08001831   Thumb Code    66  stm32g4xx_hal.o(.text.HAL_Delay)
    HAL_GPIO_Init                            0x08001875   Thumb Code   872  stm32g4xx_hal_gpio.o(.text.HAL_GPIO_Init)
    HAL_GPIO_WritePin                        0x08001bdd   Thumb Code    44  stm32g4xx_hal_gpio.o(.text.HAL_GPIO_WritePin)
    HAL_GetTick                              0x08001c09   Thumb Code    12  stm32g4xx_hal.o(.text.HAL_GetTick)
    HAL_IncTick                              0x08001c15   Thumb Code    26  stm32g4xx_hal.o(.text.HAL_IncTick)
    HAL_Init                                 0x08001c31   Thumb Code    48  stm32g4xx_hal.o(.text.HAL_Init)
    HAL_InitTick                             0x08001c61   Thumb Code   136  stm32g4xx_hal.o(.text.HAL_InitTick)
    HAL_MspInit                              0x08001ce9   Thumb Code    72  stm32g4xx_hal_msp.o(.text.HAL_MspInit)
    HAL_NVIC_EnableIRQ                       0x08001d31   Thumb Code    20  stm32g4xx_hal_cortex.o(.text.HAL_NVIC_EnableIRQ)
    HAL_NVIC_SetPriority                     0x08001d45   Thumb Code    46  stm32g4xx_hal_cortex.o(.text.HAL_NVIC_SetPriority)
    HAL_NVIC_SetPriorityGrouping             0x08001d75   Thumb Code    16  stm32g4xx_hal_cortex.o(.text.HAL_NVIC_SetPriorityGrouping)
    HAL_PWREx_ControlVoltageScaling          0x08001d85   Thumb Code   436  stm32g4xx_hal_pwr_ex.o(.text.HAL_PWREx_ControlVoltageScaling)
    HAL_PWREx_DisableUCPDDeadBattery         0x08001f39   Thumb Code    18  stm32g4xx_hal_pwr_ex.o(.text.HAL_PWREx_DisableUCPDDeadBattery)
    HAL_RCC_ClockConfig                      0x08001f4d   Thumb Code   806  stm32g4xx_hal_rcc.o(.text.HAL_RCC_ClockConfig)
    HAL_RCC_GetSysClockFreq                  0x08002275   Thumb Code   252  stm32g4xx_hal_rcc.o(.text.HAL_RCC_GetSysClockFreq)
    HAL_RCC_OscConfig                        0x08002371   Thumb Code  1974  stm32g4xx_hal_rcc.o(.text.HAL_RCC_OscConfig)
    HAL_SYSTICK_Config                       0x08002b29   Thumb Code    16  stm32g4xx_hal_cortex.o(.text.HAL_SYSTICK_Config)
    HAL_TIMEx_Break2Callback                 0x08002b39   Thumb Code     8  stm32g4xx_hal_tim_ex.o(.text.HAL_TIMEx_Break2Callback)
    HAL_TIMEx_BreakCallback                  0x08002b41   Thumb Code     8  stm32g4xx_hal_tim_ex.o(.text.HAL_TIMEx_BreakCallback)
    HAL_TIMEx_CommutCallback                 0x08002b49   Thumb Code     8  stm32g4xx_hal_tim_ex.o(.text.HAL_TIMEx_CommutCallback)
    HAL_TIMEx_DirectionChangeCallback        0x08002b51   Thumb Code     8  stm32g4xx_hal_tim_ex.o(.text.HAL_TIMEx_DirectionChangeCallback)
    HAL_TIMEx_EncoderIndexCallback           0x08002b59   Thumb Code     8  stm32g4xx_hal_tim_ex.o(.text.HAL_TIMEx_EncoderIndexCallback)
    HAL_TIMEx_IndexErrorCallback             0x08002b61   Thumb Code     8  stm32g4xx_hal_tim_ex.o(.text.HAL_TIMEx_IndexErrorCallback)
    HAL_TIMEx_MasterConfigSynchronization    0x08002b69   Thumb Code   318  stm32g4xx_hal_tim_ex.o(.text.HAL_TIMEx_MasterConfigSynchronization)
    HAL_TIMEx_TransitionErrorCallback        0x08002ca9   Thumb Code     8  stm32g4xx_hal_tim_ex.o(.text.HAL_TIMEx_TransitionErrorCallback)
    HAL_TIM_Base_Init                        0x08002cb1   Thumb Code   168  stm32g4xx_hal_tim.o(.text.HAL_TIM_Base_Init)
    HAL_TIM_Base_MspInit                     0x08002d59   Thumb Code    78  stm32g4xx_hal_msp.o(.text.HAL_TIM_Base_MspInit)
    HAL_TIM_Base_Start_IT                    0x08002da9   Thumb Code   226  stm32g4xx_hal_tim.o(.text.HAL_TIM_Base_Start_IT)
    HAL_TIM_IC_CaptureCallback               0x08002e8d   Thumb Code   166  main.o(.text.HAL_TIM_IC_CaptureCallback)
    HAL_TIM_IC_ConfigChannel                 0x08002f35   Thumb Code   304  stm32g4xx_hal_tim.o(.text.HAL_TIM_IC_ConfigChannel)
    HAL_TIM_IC_Init                          0x08003065   Thumb Code   168  stm32g4xx_hal_tim.o(.text.HAL_TIM_IC_Init)
    HAL_TIM_IC_MspInit                       0x0800310d   Thumb Code   278  stm32g4xx_hal_msp.o(.text.HAL_TIM_IC_MspInit)
    HAL_TIM_IC_Start_IT                      0x08003225   Thumb Code   758  stm32g4xx_hal_tim.o(.text.HAL_TIM_IC_Start_IT)
    HAL_TIM_IRQHandler                       0x0800351d   Thumb Code   768  stm32g4xx_hal_tim.o(.text.HAL_TIM_IRQHandler)
    HAL_TIM_OC_DelayElapsedCallback          0x0800381d   Thumb Code     8  stm32g4xx_hal_tim.o(.text.HAL_TIM_OC_DelayElapsedCallback)
    HAL_TIM_PWM_PulseFinishedCallback        0x08003825   Thumb Code     8  stm32g4xx_hal_tim.o(.text.HAL_TIM_PWM_PulseFinishedCallback)
    HAL_TIM_PeriodElapsedCallback            0x0800382d   Thumb Code    44  main.o(.text.HAL_TIM_PeriodElapsedCallback)
    HAL_TIM_TriggerCallback                  0x08003859   Thumb Code     8  stm32g4xx_hal_tim.o(.text.HAL_TIM_TriggerCallback)
    HardFault_Handler                        0x08003861   Thumb Code     4  stm32g4xx_it.o(.text.HardFault_Handler)
    KEY                                      0x08003865   Thumb Code   736  main.o(.text.KEY)
    KEY1_UP                                  0x08003b45   Thumb Code    60  key.o(.text.KEY1_UP)
    KEY2_UP                                  0x08003b81   Thumb Code    60  key.o(.text.KEY2_UP)
    KEY3_KEEP                                0x08003bbd   Thumb Code    60  key.o(.text.KEY3_KEEP)
    KEY3_UP                                  0x08003bf9   Thumb Code    60  key.o(.text.KEY3_UP)
    KEY4_UP                                  0x08003c35   Thumb Code    60  key.o(.text.KEY4_UP)
    KEY_Click                                0x08003c71   Thumb Code   134  key.o(.text.KEY_Click)
    KEY_Click_Down                           0x08003cf9   Thumb Code   216  key.o(.text.KEY_Click_Down)
    KEY_Click_Up                             0x08003dd1   Thumb Code   256  key.o(.text.KEY_Click_Up)
    KEY_Get                                  0x08003ed1   Thumb Code    70  key.o(.text.KEY_Get)
    KEY_Init                                 0x08003f19   Thumb Code   132  key.o(.text.KEY_Init)
    KEY_Tick_Click                           0x08003f9d   Thumb Code    78  key.o(.text.KEY_Tick_Click)
    KEY_Tick_KeepOn                          0x08003fed   Thumb Code   362  key.o(.text.KEY_Tick_KeepOn)
    LCD_BusIn                                0x08004159   Thumb Code    48  lcd.o(.text.LCD_BusIn)
    LCD_BusOut                               0x08004189   Thumb Code    50  lcd.o(.text.LCD_BusOut)
    LCD_Clear                                0x080041bd   Thumb Code    90  lcd.o(.text.LCD_Clear)
    LCD_CtrlLinesConfig                      0x08004219   Thumb Code   206  lcd.o(.text.LCD_CtrlLinesConfig)
    LCD_DisplayChar                          0x080042e9   Thumb Code    62  lcd.o(.text.LCD_DisplayChar)
    LCD_DrawChar                             0x08004329   Thumb Code   174  lcd.o(.text.LCD_DrawChar)
    LCD_Init                                 0x080043d9   Thumb Code    98  lcd.o(.text.LCD_Init)
    LCD_LQ_Init                              0x0800443d   Thumb Code    34  lcd.o(.text.LCD_LQ_Init)
    LCD_ReadReg                              0x08004461   Thumb Code   168  lcd.o(.text.LCD_ReadReg)
    LCD_SetBackColor                         0x08004509   Thumb Code    24  lcd.o(.text.LCD_SetBackColor)
    LCD_SetCursor                            0x08004521   Thumb Code    36  lcd.o(.text.LCD_SetCursor)
    LCD_SetTextColor                         0x08004545   Thumb Code    24  lcd.o(.text.LCD_SetTextColor)
    LCD_Show                                 0x0800455d   Thumb Code   250  main.o(.text.LCD_Show)
    LCD_ShowString                           0x08004659   Thumb Code   138  lcd.o(.text.LCD_ShowString)
    LCD_Tick                                 0x080046e5   Thumb Code    50  main.o(.text.LCD_Tick)
    LCD_WriteRAM                             0x08004719   Thumb Code   108  lcd.o(.text.LCD_WriteRAM)
    LCD_WriteRAM_Prepare                     0x08004785   Thumb Code    98  lcd.o(.text.LCD_WriteRAM_Prepare)
    LCD_WriteReg                             0x080047e9   Thumb Code   134  lcd.o(.text.LCD_WriteReg)
    LED_Init                                 0x08004871   Thumb Code   192  led.o(.text.LED_Init)
    LED_Off                                  0x08004931   Thumb Code    72  led.o(.text.LED_Off)
    LED_On                                   0x08004979   Thumb Code    72  led.o(.text.LED_On)
    LED_Show                                 0x080049c1   Thumb Code   136  main.o(.text.LED_Show)
    MemManage_Handler                        0x08004c19   Thumb Code     4  stm32g4xx_it.o(.text.MemManage_Handler)
    NMI_Handler                              0x08004c1d   Thumb Code     4  stm32g4xx_it.o(.text.NMI_Handler)
    Page1_1                                  0x08004c8d   Thumb Code   272  main.o(.text.Page1_1)
    Page1_2                                  0x08004da1   Thumb Code   328  main.o(.text.Page1_2)
    Page2                                    0x08004ef1   Thumb Code   132  main.o(.text.Page2)
    Page3                                    0x08004f75   Thumb Code   168  main.o(.text.Page3)
    PendSV_Handler                           0x0800501d   Thumb Code     2  stm32g4xx_it.o(.text.PendSV_Handler)
    REG_8230_Init                            0x080050bd   Thumb Code   286  lcd.o(.text.REG_8230_Init)
    REG_932X_Init                            0x080051dd   Thumb Code   540  lcd.o(.text.REG_932X_Init)
    SVC_Handler                              0x080053f9   Thumb Code     2  stm32g4xx_it.o(.text.SVC_Handler)
    SysTick_Handler                          0x08005451   Thumb Code     8  stm32g4xx_it.o(.text.SysTick_Handler)
    SystemClock_Config                       0x08005459   Thumb Code   118  main.o(.text.SystemClock_Config)
    SystemInit                               0x080054d1   Thumb Code    18  system_stm32g4xx.o(.text.SystemInit)
    TIM2_IRQHandler                          0x080054e5   Thumb Code    16  stm32g4xx_it.o(.text.TIM2_IRQHandler)
    TIM3_IRQHandler                          0x080054f5   Thumb Code    16  stm32g4xx_it.o(.text.TIM3_IRQHandler)
    TIM6_DAC_IRQHandler                      0x08005505   Thumb Code    16  stm32g4xx_it.o(.text.TIM6_DAC_IRQHandler)
    TIM_Base_SetConfig                       0x08005515   Thumb Code   406  stm32g4xx_hal_tim.o(.text.TIM_Base_SetConfig)
    TIM_CCxChannelCmd                        0x080056ad   Thumb Code    54  stm32g4xx_hal_tim.o(.text.TIM_CCxChannelCmd)
    TIM_TI1_SetConfig                        0x080056e5   Thumb Code   240  stm32g4xx_hal_tim.o(.text.TIM_TI1_SetConfig)
    UsageFault_Handler                       0x08005919   Thumb Code     4  stm32g4xx_it.o(.text.UsageFault_Handler)
    main                                     0x080059dd   Thumb Code   132  main.o(.text.main)
    _btod_d2e                                0x08005a61   Thumb Code    62  btod.o(CL$$btod_d2e)
    _d2e_denorm_low                          0x08005a9f   Thumb Code    70  btod.o(CL$$btod_d2e_denorm_low)
    _d2e_norm_op1                            0x08005ae5   Thumb Code    96  btod.o(CL$$btod_d2e_norm_op1)
    __btod_div_common                        0x08005b45   Thumb Code   696  btod.o(CL$$btod_div_common)
    _e2e                                     0x08005e7d   Thumb Code   220  btod.o(CL$$btod_e2e)
    _btod_ediv                               0x08005f59   Thumb Code    42  btod.o(CL$$btod_ediv)
    _btod_emul                               0x08005f83   Thumb Code    42  btod.o(CL$$btod_emul)
    __btod_mult_common                       0x08005fad   Thumb Code   580  btod.o(CL$$btod_mult_common)
    __ARM_fpclassify                         0x080061f1   Thumb Code    48  fpclassify.o(i.__ARM_fpclassify)
    _is_digit                                0x08006221   Thumb Code    14  __printf_wp.o(i._is_digit)
    _get_lc_numeric                          0x08006231   Thumb Code    44  lc_numeric_c.o(locale$$code)
    _get_lc_ctype                            0x0800625d   Thumb Code    44  lc_ctype_c.o(locale$$code)
    __fpl_dretinf                            0x08006289   Thumb Code    12  dretinf.o(x$fpl$dretinf)
    __aeabi_f2d                              0x08006295   Thumb Code     0  f2d.o(x$fpl$f2d)
    _f2d                                     0x08006295   Thumb Code    86  f2d.o(x$fpl$f2d)
    __fpl_fnaninf                            0x080062eb   Thumb Code   140  fnaninf.o(x$fpl$fnaninf)
    _fp_init                                 0x08006377   Thumb Code    26  fpinit.o(x$fpl$fpinit)
    __fplib_config_fpu_vfp                   0x0800638f   Thumb Code     0  fpinit.o(x$fpl$fpinit)
    __fplib_config_pureend_doubles           0x0800638f   Thumb Code     0  fpinit.o(x$fpl$fpinit)
    _printf_fp_dec                           0x08006391   Thumb Code     4  printf1.o(x$fpl$printf1)
    _printf_fp_hex                           0x08006395   Thumb Code     4  printf2.o(x$fpl$printf2)
    __I$use$fp                               0x08006398   Number         0  usenofp.o(x$fpl$usenofp)
    AHBPrescTable                            0x08006494   Data          16  system_stm32g4xx.o(.rodata.AHBPrescTable)
    ASCII_Table                              0x080064a4   Data        4560  lcd.o(.rodata.ASCII_Table)
    Region$$Table$$Base                      0x0800778c   Number         0  anon$$obj.o(Region$$Table)
    Region$$Table$$Limit                     0x080077ac   Number         0  anon$$obj.o(Region$$Table)
    __ctype                                  0x080077d5   Data           0  lc_ctype_c.o(locale$$data)
    PD                                       0x2000000c   Data           2  main.o(.data.PD)
    PH                                       0x2000000e   Data           2  main.o(.data.PH)
    SystemCoreClock                          0x20000010   Data           4  system_stm32g4xx.o(.data.SystemCoreClock)
    lcd_page1sign                            0x20000015   Data           1  main.o(.data.lcd_page1sign)
    lcd_pagesign                             0x20000016   Data           1  main.o(.data.lcd_pagesign)
    para_sign                                0x20000017   Data           1  main.o(.data.para_sign)
    uwTickFreq                               0x20000018   Data           4  stm32g4xx_hal.o(.data.uwTickFreq)
    uwTickPrio                               0x2000001c   Data           4  stm32g4xx_hal.o(.data.uwTickPrio)
    __libspace_start                         0x20000020   Data          96  libspace.o(.bss)
    Afre                                     0x20000080   Data           4  main.o(.bss.Afre)
    __temporary_stack_top$libspace           0x20000080   Data           0  libspace.o(.bss)
    Afre_PX                                  0x20000084   Data           4  main.o(.bss.Afre_PX)
    Bfre                                     0x20000088   Data           4  main.o(.bss.Bfre)
    Bfre_PX                                  0x2000008c   Data           4  main.o(.bss.Bfre_PX)
    NDA                                      0x200000ba   Data           2  main.o(.bss.NDA)
    NDB                                      0x200000bc   Data           2  main.o(.bss.NDB)
    NHA                                      0x200000be   Data           2  main.o(.bss.NHA)
    NHB                                      0x200000c0   Data           2  main.o(.bss.NHB)
    PX                                       0x200000c4   Data           4  main.o(.bss.PX)
    count                                    0x200000cc   Data           4  main.o(.bss.count)
    dummy                                    0x200000d0   Data           2  lcd.o(.bss.dummy)
    htim2                                    0x200000d4   Data          76  main.o(.bss.htim2)
    htim3                                    0x20000120   Data          76  main.o(.bss.htim3)
    htim6                                    0x2000016c   Data          76  main.o(.bss.htim6)
    lcd_showsign                             0x200001cf   Data           1  main.o(.bss.lcd_showsign)
    uwTick                                   0x200001d0   Data           4  stm32g4xx_hal.o(.bss.uwTick)



==============================================================================

Memory Map of the image

  Image Entry point : 0x080001d9

  Load Region LR_IROM1 (Base: 0x08000000, Size: 0x000078f8, Max: 0x00020000, ABSOLUTE)

    Execution Region ER_IROM1 (Exec base: 0x08000000, Load base: 0x08000000, Size: 0x000078d8, Max: 0x00020000, ABSOLUTE)

    Exec Addr    Load Addr    Size         Type   Attr      Idx    E Section Name        Object

    0x08000000   0x08000000   0x000001d8   Data   RO            3    RESET               startup_stm32g431xx.o
    0x080001d8   0x080001d8   0x00000008   Code   RO         1305  * !!!main             c_w.l(__main.o)
    0x080001e0   0x080001e0   0x0000005c   Code   RO         1648    !!!scatter          c_w.l(__scatter.o)
    0x0800023c   0x0800023c   0x0000001a   Code   RO         1652    !!handler_copy      c_w.l(__scatter_copy.o)
    0x08000256   0x08000256   0x00000002   PAD
    0x08000258   0x08000258   0x00000002   Code   RO         1649    !!handler_null      c_w.l(__scatter.o)
    0x0800025a   0x0800025a   0x00000002   PAD
    0x0800025c   0x0800025c   0x0000001c   Code   RO         1654    !!handler_zi        c_w.l(__scatter_zi.o)
    0x08000278   0x08000278   0x00000000   Code   RO         1391    .ARM.Collect$$_printf_percent$$00000000  c_w.l(_printf_percent.o)
    0x08000278   0x08000278   0x00000006   Code   RO         1380    .ARM.Collect$$_printf_percent$$00000001  c_w.l(_printf_n.o)
    0x0800027e   0x0800027e   0x00000006   Code   RO         1382    .ARM.Collect$$_printf_percent$$00000002  c_w.l(_printf_p.o)
    0x08000284   0x08000284   0x00000006   Code   RO         1387    .ARM.Collect$$_printf_percent$$00000003  c_w.l(_printf_f.o)
    0x0800028a   0x0800028a   0x00000006   Code   RO         1388    .ARM.Collect$$_printf_percent$$00000004  c_w.l(_printf_e.o)
    0x08000290   0x08000290   0x00000006   Code   RO         1389    .ARM.Collect$$_printf_percent$$00000005  c_w.l(_printf_g.o)
    0x08000296   0x08000296   0x00000006   Code   RO         1390    .ARM.Collect$$_printf_percent$$00000006  c_w.l(_printf_a.o)
    0x0800029c   0x0800029c   0x0000000a   Code   RO         1395    .ARM.Collect$$_printf_percent$$00000007  c_w.l(_printf_ll.o)
    0x080002a6   0x080002a6   0x00000006   Code   RO         1384    .ARM.Collect$$_printf_percent$$00000008  c_w.l(_printf_i.o)
    0x080002ac   0x080002ac   0x00000006   Code   RO         1385    .ARM.Collect$$_printf_percent$$00000009  c_w.l(_printf_d.o)
    0x080002b2   0x080002b2   0x00000006   Code   RO         1386    .ARM.Collect$$_printf_percent$$0000000A  c_w.l(_printf_u.o)
    0x080002b8   0x080002b8   0x00000006   Code   RO         1383    .ARM.Collect$$_printf_percent$$0000000B  c_w.l(_printf_o.o)
    0x080002be   0x080002be   0x00000006   Code   RO         1381    .ARM.Collect$$_printf_percent$$0000000C  c_w.l(_printf_x.o)
    0x080002c4   0x080002c4   0x00000006   Code   RO         1392    .ARM.Collect$$_printf_percent$$0000000D  c_w.l(_printf_lli.o)
    0x080002ca   0x080002ca   0x00000006   Code   RO         1393    .ARM.Collect$$_printf_percent$$0000000E  c_w.l(_printf_lld.o)
    0x080002d0   0x080002d0   0x00000006   Code   RO         1394    .ARM.Collect$$_printf_percent$$0000000F  c_w.l(_printf_llu.o)
    0x080002d6   0x080002d6   0x00000006   Code   RO         1399    .ARM.Collect$$_printf_percent$$00000010  c_w.l(_printf_llo.o)
    0x080002dc   0x080002dc   0x00000006   Code   RO         1400    .ARM.Collect$$_printf_percent$$00000011  c_w.l(_printf_llx.o)
    0x080002e2   0x080002e2   0x0000000a   Code   RO         1396    .ARM.Collect$$_printf_percent$$00000012  c_w.l(_printf_l.o)
    0x080002ec   0x080002ec   0x00000006   Code   RO         1378    .ARM.Collect$$_printf_percent$$00000013  c_w.l(_printf_c.o)
    0x080002f2   0x080002f2   0x00000006   Code   RO         1379    .ARM.Collect$$_printf_percent$$00000014  c_w.l(_printf_s.o)
    0x080002f8   0x080002f8   0x00000006   Code   RO         1397    .ARM.Collect$$_printf_percent$$00000015  c_w.l(_printf_lc.o)
    0x080002fe   0x080002fe   0x00000006   Code   RO         1398    .ARM.Collect$$_printf_percent$$00000016  c_w.l(_printf_ls.o)
    0x08000304   0x08000304   0x00000004   Code   RO         1446    .ARM.Collect$$_printf_percent$$00000017  c_w.l(_printf_percent_end.o)
    0x08000308   0x08000308   0x00000002   Code   RO         1497    .ARM.Collect$$libinit$$00000000  c_w.l(libinit.o)
    0x0800030a   0x0800030a   0x00000004   Code   RO         1514    .ARM.Collect$$libinit$$00000001  c_w.l(libinit2.o)
    0x0800030e   0x0800030e   0x00000000   Code   RO         1517    .ARM.Collect$$libinit$$00000004  c_w.l(libinit2.o)
    0x0800030e   0x0800030e   0x00000000   Code   RO         1519    .ARM.Collect$$libinit$$00000006  c_w.l(libinit2.o)
    0x0800030e   0x0800030e   0x00000000   Code   RO         1522    .ARM.Collect$$libinit$$0000000C  c_w.l(libinit2.o)
    0x0800030e   0x0800030e   0x00000000   Code   RO         1524    .ARM.Collect$$libinit$$0000000E  c_w.l(libinit2.o)
    0x0800030e   0x0800030e   0x00000000   Code   RO         1526    .ARM.Collect$$libinit$$00000010  c_w.l(libinit2.o)
    0x0800030e   0x0800030e   0x00000006   Code   RO         1527    .ARM.Collect$$libinit$$00000011  c_w.l(libinit2.o)
    0x08000314   0x08000314   0x00000000   Code   RO         1529    .ARM.Collect$$libinit$$00000013  c_w.l(libinit2.o)
    0x08000314   0x08000314   0x0000000c   Code   RO         1530    .ARM.Collect$$libinit$$00000014  c_w.l(libinit2.o)
    0x08000320   0x08000320   0x00000000   Code   RO         1531    .ARM.Collect$$libinit$$00000015  c_w.l(libinit2.o)
    0x08000320   0x08000320   0x00000000   Code   RO         1533    .ARM.Collect$$libinit$$00000017  c_w.l(libinit2.o)
    0x08000320   0x08000320   0x0000000a   Code   RO         1534    .ARM.Collect$$libinit$$00000018  c_w.l(libinit2.o)
    0x0800032a   0x0800032a   0x00000000   Code   RO         1535    .ARM.Collect$$libinit$$00000019  c_w.l(libinit2.o)
    0x0800032a   0x0800032a   0x00000000   Code   RO         1537    .ARM.Collect$$libinit$$0000001B  c_w.l(libinit2.o)
    0x0800032a   0x0800032a   0x00000000   Code   RO         1539    .ARM.Collect$$libinit$$0000001D  c_w.l(libinit2.o)
    0x0800032a   0x0800032a   0x00000000   Code   RO         1541    .ARM.Collect$$libinit$$0000001F  c_w.l(libinit2.o)
    0x0800032a   0x0800032a   0x00000000   Code   RO         1543    .ARM.Collect$$libinit$$00000021  c_w.l(libinit2.o)
    0x0800032a   0x0800032a   0x00000000   Code   RO         1545    .ARM.Collect$$libinit$$00000023  c_w.l(libinit2.o)
    0x0800032a   0x0800032a   0x00000000   Code   RO         1547    .ARM.Collect$$libinit$$00000025  c_w.l(libinit2.o)
    0x0800032a   0x0800032a   0x00000000   Code   RO         1549    .ARM.Collect$$libinit$$00000027  c_w.l(libinit2.o)
    0x0800032a   0x0800032a   0x00000000   Code   RO         1553    .ARM.Collect$$libinit$$0000002E  c_w.l(libinit2.o)
    0x0800032a   0x0800032a   0x00000000   Code   RO         1555    .ARM.Collect$$libinit$$00000030  c_w.l(libinit2.o)
    0x0800032a   0x0800032a   0x00000000   Code   RO         1557    .ARM.Collect$$libinit$$00000032  c_w.l(libinit2.o)
    0x0800032a   0x0800032a   0x00000000   Code   RO         1559    .ARM.Collect$$libinit$$00000034  c_w.l(libinit2.o)
    0x0800032a   0x0800032a   0x00000002   Code   RO         1560    .ARM.Collect$$libinit$$00000035  c_w.l(libinit2.o)
    0x0800032c   0x0800032c   0x00000002   Code   RO         1584    .ARM.Collect$$libshutdown$$00000000  c_w.l(libshutdown.o)
    0x0800032e   0x0800032e   0x00000000   Code   RO         1599    .ARM.Collect$$libshutdown$$00000002  c_w.l(libshutdown2.o)
    0x0800032e   0x0800032e   0x00000000   Code   RO         1601    .ARM.Collect$$libshutdown$$00000004  c_w.l(libshutdown2.o)
    0x0800032e   0x0800032e   0x00000000   Code   RO         1604    .ARM.Collect$$libshutdown$$00000007  c_w.l(libshutdown2.o)
    0x0800032e   0x0800032e   0x00000000   Code   RO         1607    .ARM.Collect$$libshutdown$$0000000A  c_w.l(libshutdown2.o)
    0x0800032e   0x0800032e   0x00000000   Code   RO         1609    .ARM.Collect$$libshutdown$$0000000C  c_w.l(libshutdown2.o)
    0x0800032e   0x0800032e   0x00000000   Code   RO         1612    .ARM.Collect$$libshutdown$$0000000F  c_w.l(libshutdown2.o)
    0x0800032e   0x0800032e   0x00000002   Code   RO         1613    .ARM.Collect$$libshutdown$$00000010  c_w.l(libshutdown2.o)
    0x08000330   0x08000330   0x00000000   Code   RO         1309    .ARM.Collect$$rtentry$$00000000  c_w.l(__rtentry.o)
    0x08000330   0x08000330   0x00000000   Code   RO         1415    .ARM.Collect$$rtentry$$00000002  c_w.l(__rtentry2.o)
    0x08000330   0x08000330   0x00000006   Code   RO         1427    .ARM.Collect$$rtentry$$00000004  c_w.l(__rtentry4.o)
    0x08000336   0x08000336   0x00000000   Code   RO         1417    .ARM.Collect$$rtentry$$00000009  c_w.l(__rtentry2.o)
    0x08000336   0x08000336   0x00000004   Code   RO         1418    .ARM.Collect$$rtentry$$0000000A  c_w.l(__rtentry2.o)
    0x0800033a   0x0800033a   0x00000000   Code   RO         1420    .ARM.Collect$$rtentry$$0000000C  c_w.l(__rtentry2.o)
    0x0800033a   0x0800033a   0x00000008   Code   RO         1421    .ARM.Collect$$rtentry$$0000000D  c_w.l(__rtentry2.o)
    0x08000342   0x08000342   0x00000002   Code   RO         1505    .ARM.Collect$$rtexit$$00000000  c_w.l(rtexit.o)
    0x08000344   0x08000344   0x00000000   Code   RO         1562    .ARM.Collect$$rtexit$$00000002  c_w.l(rtexit2.o)
    0x08000344   0x08000344   0x00000004   Code   RO         1563    .ARM.Collect$$rtexit$$00000003  c_w.l(rtexit2.o)
    0x08000348   0x08000348   0x00000006   Code   RO         1564    .ARM.Collect$$rtexit$$00000004  c_w.l(rtexit2.o)
    0x0800034e   0x0800034e   0x00000002   PAD
    0x08000350   0x08000350   0x00000040   Code   RO            4    .text               startup_stm32g431xx.o
    0x08000390   0x08000390   0x0000002c   Code   RO         1299    .text               c_w.l(sprintf.o)
    0x080003bc   0x080003bc   0x0000004e   Code   RO         1301    .text               c_w.l(rt_memclr_w.o)
    0x0800040a   0x0800040a   0x00000006   Code   RO         1303    .text               c_w.l(heapauxi.o)
    0x08000410   0x08000410   0x0000004e   Code   RO         1312    .text               c_w.l(_printf_pad.o)
    0x0800045e   0x0800045e   0x00000024   Code   RO         1314    .text               c_w.l(_printf_truncate.o)
    0x08000482   0x08000482   0x00000052   Code   RO         1316    .text               c_w.l(_printf_str.o)
    0x080004d4   0x080004d4   0x00000078   Code   RO         1318    .text               c_w.l(_printf_dec.o)
    0x0800054c   0x0800054c   0x00000028   Code   RO         1320    .text               c_w.l(_printf_charcount.o)
    0x08000574   0x08000574   0x00000030   Code   RO         1322    .text               c_w.l(_printf_char_common.o)
    0x080005a4   0x080005a4   0x0000000a   Code   RO         1324    .text               c_w.l(_sputc.o)
    0x080005ae   0x080005ae   0x00000002   PAD
    0x080005b0   0x080005b0   0x000000bc   Code   RO         1326    .text               c_w.l(_printf_wctomb.o)
    0x0800066c   0x0800066c   0x0000007c   Code   RO         1329    .text               c_w.l(_printf_longlong_dec.o)
    0x080006e8   0x080006e8   0x00000070   Code   RO         1335    .text               c_w.l(_printf_oct_int_ll.o)
    0x08000758   0x08000758   0x00000094   Code   RO         1355    .text               c_w.l(_printf_hex_int_ll_ptr.o)
    0x080007ec   0x080007ec   0x00000188   Code   RO         1375    .text               c_w.l(__printf_flags_ss_wp.o)
    0x08000974   0x08000974   0x0000008a   Code   RO         1429    .text               c_w.l(lludiv10.o)
    0x080009fe   0x080009fe   0x000000b2   Code   RO         1431    .text               c_w.l(_printf_intcommon.o)
    0x08000ab0   0x08000ab0   0x0000041c   Code   RO         1433    .text               c_w.l(_printf_fp_dec.o)
    0x08000ecc   0x08000ecc   0x000002fc   Code   RO         1437    .text               c_w.l(_printf_fp_hex.o)
    0x080011c8   0x080011c8   0x0000002c   Code   RO         1442    .text               c_w.l(_printf_char.o)
    0x080011f4   0x080011f4   0x0000002c   Code   RO         1444    .text               c_w.l(_printf_wchar.o)
    0x08001220   0x08001220   0x00000048   Code   RO         1447    .text               c_w.l(_c16rtomb.o)
    0x08001268   0x08001268   0x0000004a   Code   RO         1449    .text               c_w.l(sys_stackheap_outer.o)
    0x080012b2   0x080012b2   0x00000002   PAD
    0x080012b4   0x080012b4   0x00000010   Code   RO         1451    .text               c_w.l(rt_ctype_table.o)
    0x080012c4   0x080012c4   0x00000008   Code   RO         1456    .text               c_w.l(rt_locale_intlibspace.o)
    0x080012cc   0x080012cc   0x00000080   Code   RO         1458    .text               c_w.l(_printf_fp_infnan.o)
    0x0800134c   0x0800134c   0x000000e4   Code   RO         1460    .text               c_w.l(bigflt0.o)
    0x08001430   0x08001430   0x00000012   Code   RO         1490    .text               c_w.l(exit.o)
    0x08001442   0x08001442   0x00000002   PAD
    0x08001444   0x08001444   0x00000008   Code   RO         1502    .text               c_w.l(libspace.o)
    0x0800144c   0x0800144c   0x00000004   PAD
    0x08001450   0x08001450   0x0000007c   Code   RO         1512    .text               c_w.l(strcmpv7em.o)
    0x080014cc   0x080014cc   0x0000000c   Code   RO         1574    .text               c_w.l(sys_exit.o)
    0x080014d8   0x080014d8   0x00000002   Code   RO         1589    .text               c_w.l(use_no_semi.o)
    0x080014da   0x080014da   0x00000000   Code   RO         1591    .text               c_w.l(indicate_semi.o)
    0x080014da   0x080014da   0x00000002   PAD
    0x080014dc   0x080014dc   0x00000004   Code   RO           93    .text.BusFault_Handler  stm32g4xx_it.o
    0x080014e0   0x080014e0   0x00000002   Code   RO           99    .text.DebugMon_Handler  stm32g4xx_it.o
    0x080014e2   0x080014e2   0x00000002   PAD
    0x080014e4   0x080014e4   0x00000052   Code   RO          227    .text.Delay_LCD     lcd.o
    0x08001536   0x08001536   0x00000002   PAD
    0x08001538   0x08001538   0x0000000e   Code   RO           47    .text.Error_Handler  main.o
    0x08001546   0x08001546   0x00000002   PAD
    0x08001548   0x08001548   0x0000003a   Code   RO           25    .text.FRE           main.o
    0x08001582   0x08001582   0x00000002   PAD
    0x08001584   0x08001584   0x000002ac   Code   RO           27    .text.FRE_Tick      main.o
    0x08001830   0x08001830   0x00000042   Code   RO          820    .text.HAL_Delay     stm32g4xx_hal.o
    0x08001872   0x08001872   0x00000002   PAD
    0x08001874   0x08001874   0x00000368   Code   RO         1068    .text.HAL_GPIO_Init  stm32g4xx_hal_gpio.o
    0x08001bdc   0x08001bdc   0x0000002c   Code   RO         1074    .text.HAL_GPIO_WritePin  stm32g4xx_hal_gpio.o
    0x08001c08   0x08001c08   0x0000000c   Code   RO          812    .text.HAL_GetTick   stm32g4xx_hal.o
    0x08001c14   0x08001c14   0x0000001a   Code   RO          810    .text.HAL_IncTick   stm32g4xx_hal.o
    0x08001c2e   0x08001c2e   0x00000002   PAD
    0x08001c30   0x08001c30   0x00000030   Code   RO          800    .text.HAL_Init      stm32g4xx_hal.o
    0x08001c60   0x08001c60   0x00000088   Code   RO          802    .text.HAL_InitTick  stm32g4xx_hal.o
    0x08001ce8   0x08001ce8   0x00000048   Code   RO          118    .text.HAL_MspInit   stm32g4xx_hal_msp.o
    0x08001d30   0x08001d30   0x00000014   Code   RO         1221    .text.HAL_NVIC_EnableIRQ  stm32g4xx_hal_cortex.o
    0x08001d44   0x08001d44   0x0000002e   Code   RO         1213    .text.HAL_NVIC_SetPriority  stm32g4xx_hal_cortex.o
    0x08001d72   0x08001d72   0x00000002   PAD
    0x08001d74   0x08001d74   0x00000010   Code   RO         1209    .text.HAL_NVIC_SetPriorityGrouping  stm32g4xx_hal_cortex.o
    0x08001d84   0x08001d84   0x000001b4   Code   RO          721    .text.HAL_PWREx_ControlVoltageScaling  stm32g4xx_hal_pwr_ex.o
    0x08001f38   0x08001f38   0x00000012   Code   RO          791    .text.HAL_PWREx_DisableUCPDDeadBattery  stm32g4xx_hal_pwr_ex.o
    0x08001f4a   0x08001f4a   0x00000002   PAD
    0x08001f4c   0x08001f4c   0x00000326   Code   RO          890    .text.HAL_RCC_ClockConfig  stm32g4xx_hal_rcc.o
    0x08002272   0x08002272   0x00000002   PAD
    0x08002274   0x08002274   0x000000fc   Code   RO          894    .text.HAL_RCC_GetSysClockFreq  stm32g4xx_hal_rcc.o
    0x08002370   0x08002370   0x000007b6   Code   RO          888    .text.HAL_RCC_OscConfig  stm32g4xx_hal_rcc.o
    0x08002b26   0x08002b26   0x00000002   PAD
    0x08002b28   0x08002b28   0x00000010   Code   RO         1233    .text.HAL_SYSTICK_Config  stm32g4xx_hal_cortex.o
    0x08002b38   0x08002b38   0x00000008   Code   RO          698    .text.HAL_TIMEx_Break2Callback  stm32g4xx_hal_tim_ex.o
    0x08002b40   0x08002b40   0x00000008   Code   RO          696    .text.HAL_TIMEx_BreakCallback  stm32g4xx_hal_tim_ex.o
    0x08002b48   0x08002b48   0x00000008   Code   RO          692    .text.HAL_TIMEx_CommutCallback  stm32g4xx_hal_tim_ex.o
    0x08002b50   0x08002b50   0x00000008   Code   RO          702    .text.HAL_TIMEx_DirectionChangeCallback  stm32g4xx_hal_tim_ex.o
    0x08002b58   0x08002b58   0x00000008   Code   RO          700    .text.HAL_TIMEx_EncoderIndexCallback  stm32g4xx_hal_tim_ex.o
    0x08002b60   0x08002b60   0x00000008   Code   RO          704    .text.HAL_TIMEx_IndexErrorCallback  stm32g4xx_hal_tim_ex.o
    0x08002b68   0x08002b68   0x0000013e   Code   RO          642    .text.HAL_TIMEx_MasterConfigSynchronization  stm32g4xx_hal_tim_ex.o
    0x08002ca6   0x08002ca6   0x00000002   PAD
    0x08002ca8   0x08002ca8   0x00000008   Code   RO          706    .text.HAL_TIMEx_TransitionErrorCallback  stm32g4xx_hal_tim_ex.o
    0x08002cb0   0x08002cb0   0x000000a8   Code   RO          325    .text.HAL_TIM_Base_Init  stm32g4xx_hal_tim.o
    0x08002d58   0x08002d58   0x0000004e   Code   RO          122    .text.HAL_TIM_Base_MspInit  stm32g4xx_hal_msp.o
    0x08002da6   0x08002da6   0x00000002   PAD
    0x08002da8   0x08002da8   0x000000e2   Code   RO          339    .text.HAL_TIM_Base_Start_IT  stm32g4xx_hal_tim.o
    0x08002e8a   0x08002e8a   0x00000002   PAD
    0x08002e8c   0x08002e8c   0x000000a6   Code   RO           31    .text.HAL_TIM_IC_CaptureCallback  main.o
    0x08002f32   0x08002f32   0x00000002   PAD
    0x08002f34   0x08002f34   0x00000130   Code   RO          485    .text.HAL_TIM_IC_ConfigChannel  stm32g4xx_hal_tim.o
    0x08003064   0x08003064   0x000000a8   Code   RO          399    .text.HAL_TIM_IC_Init  stm32g4xx_hal_tim.o
    0x0800310c   0x0800310c   0x00000116   Code   RO          120    .text.HAL_TIM_IC_MspInit  stm32g4xx_hal_msp.o
    0x08003222   0x08003222   0x00000002   PAD
    0x08003224   0x08003224   0x000002f6   Code   RO          411    .text.HAL_TIM_IC_Start_IT  stm32g4xx_hal_tim.o
    0x0800351a   0x0800351a   0x00000002   PAD
    0x0800351c   0x0800351c   0x00000300   Code   RO          459    .text.HAL_TIM_IRQHandler  stm32g4xx_hal_tim.o
    0x0800381c   0x0800381c   0x00000008   Code   RO          463    .text.HAL_TIM_OC_DelayElapsedCallback  stm32g4xx_hal_tim.o
    0x08003824   0x08003824   0x00000008   Code   RO          465    .text.HAL_TIM_PWM_PulseFinishedCallback  stm32g4xx_hal_tim.o
    0x0800382c   0x0800382c   0x0000002c   Code   RO           33    .text.HAL_TIM_PeriodElapsedCallback  main.o
    0x08003858   0x08003858   0x00000008   Code   RO          469    .text.HAL_TIM_TriggerCallback  stm32g4xx_hal_tim.o
    0x08003860   0x08003860   0x00000004   Code   RO           89    .text.HardFault_Handler  stm32g4xx_it.o
    0x08003864   0x08003864   0x000002e0   Code   RO           23    .text.KEY           main.o
    0x08003b44   0x08003b44   0x0000003c   Code   RO          155    .text.KEY1_UP       key.o
    0x08003b80   0x08003b80   0x0000003c   Code   RO          157    .text.KEY2_UP       key.o
    0x08003bbc   0x08003bbc   0x0000003c   Code   RO          169    .text.KEY3_KEEP     key.o
    0x08003bf8   0x08003bf8   0x0000003c   Code   RO          159    .text.KEY3_UP       key.o
    0x08003c34   0x08003c34   0x0000003c   Code   RO          161    .text.KEY4_UP       key.o
    0x08003c70   0x08003c70   0x00000086   Code   RO          141    .text.KEY_Click     key.o
    0x08003cf6   0x08003cf6   0x00000002   PAD
    0x08003cf8   0x08003cf8   0x000000d8   Code   RO          143    .text.KEY_Click_Down  key.o
    0x08003dd0   0x08003dd0   0x00000100   Code   RO          145    .text.KEY_Click_Up  key.o
    0x08003ed0   0x08003ed0   0x00000046   Code   RO          137    .text.KEY_Get       key.o
    0x08003f16   0x08003f16   0x00000002   PAD
    0x08003f18   0x08003f18   0x00000084   Code   RO          135    .text.KEY_Init      key.o
    0x08003f9c   0x08003f9c   0x0000004e   Code   RO          139    .text.KEY_Tick_Click  key.o
    0x08003fea   0x08003fea   0x00000002   PAD
    0x08003fec   0x08003fec   0x0000016a   Code   RO          163    .text.KEY_Tick_KeepOn  key.o
    0x08004156   0x08004156   0x00000002   PAD
    0x08004158   0x08004158   0x00000030   Code   RO          275    .text.LCD_BusIn     lcd.o
    0x08004188   0x08004188   0x00000032   Code   RO          277    .text.LCD_BusOut    lcd.o
    0x080041ba   0x080041ba   0x00000002   PAD
    0x080041bc   0x080041bc   0x0000005a   Code   RO          249    .text.LCD_Clear     lcd.o
    0x08004216   0x08004216   0x00000002   PAD
    0x08004218   0x08004218   0x000000ce   Code   RO          237    .text.LCD_CtrlLinesConfig  lcd.o
    0x080042e6   0x080042e6   0x00000002   PAD
    0x080042e8   0x080042e8   0x0000003e   Code   RO          259    .text.LCD_DisplayChar  lcd.o
    0x08004326   0x08004326   0x00000002   PAD
    0x08004328   0x08004328   0x000000ae   Code   RO          257    .text.LCD_DrawChar  lcd.o
    0x080043d6   0x080043d6   0x00000002   PAD
    0x080043d8   0x080043d8   0x00000062   Code   RO          235    .text.LCD_Init      lcd.o
    0x0800443a   0x0800443a   0x00000002   PAD
    0x0800443c   0x0800443c   0x00000022   Code   RO          289    .text.LCD_LQ_Init   lcd.o
    0x0800445e   0x0800445e   0x00000002   PAD
    0x08004460   0x08004460   0x000000a8   Code   RO          239    .text.LCD_ReadReg   lcd.o
    0x08004508   0x08004508   0x00000018   Code   RO          243    .text.LCD_SetBackColor  lcd.o
    0x08004520   0x08004520   0x00000024   Code   RO          251    .text.LCD_SetCursor  lcd.o
    0x08004544   0x08004544   0x00000018   Code   RO          241    .text.LCD_SetTextColor  lcd.o
    0x0800455c   0x0800455c   0x000000fa   Code   RO           21    .text.LCD_Show      main.o
    0x08004656   0x08004656   0x00000002   PAD
    0x08004658   0x08004658   0x0000008a   Code   RO          291    .text.LCD_ShowString  lcd.o
    0x080046e2   0x080046e2   0x00000002   PAD
    0x080046e4   0x080046e4   0x00000032   Code   RO           11    .text.LCD_Tick      main.o
    0x08004716   0x08004716   0x00000002   PAD
    0x08004718   0x08004718   0x0000006c   Code   RO          255    .text.LCD_WriteRAM  lcd.o
    0x08004784   0x08004784   0x00000062   Code   RO          253    .text.LCD_WriteRAM_Prepare  lcd.o
    0x080047e6   0x080047e6   0x00000002   PAD
    0x080047e8   0x080047e8   0x00000086   Code   RO          231    .text.LCD_WriteReg  lcd.o
    0x0800486e   0x0800486e   0x00000002   PAD
    0x08004870   0x08004870   0x000000c0   Code   RO          307    .text.LED_Init      led.o
    0x08004930   0x08004930   0x00000048   Code   RO          311    .text.LED_Off       led.o
    0x08004978   0x08004978   0x00000048   Code   RO          309    .text.LED_On        led.o
    0x080049c0   0x080049c0   0x00000088   Code   RO           29    .text.LED_Show      main.o
    0x08004a48   0x08004a48   0x00000060   Code   RO           39    .text.MX_GPIO_Init  main.o
    0x08004aa8   0x08004aa8   0x00000088   Code   RO           41    .text.MX_TIM2_Init  main.o
    0x08004b30   0x08004b30   0x0000008c   Code   RO           43    .text.MX_TIM3_Init  main.o
    0x08004bbc   0x08004bbc   0x0000005c   Code   RO           45    .text.MX_TIM6_Init  main.o
    0x08004c18   0x08004c18   0x00000004   Code   RO           91    .text.MemManage_Handler  stm32g4xx_it.o
    0x08004c1c   0x08004c1c   0x00000004   Code   RO           87    .text.NMI_Handler   stm32g4xx_it.o
    0x08004c20   0x08004c20   0x0000006c   Code   RO         1219    .text.NVIC_EncodePriority  stm32g4xx_hal_cortex.o
    0x08004c8c   0x08004c8c   0x00000114   Code   RO           13    .text.Page1_1       main.o
    0x08004da0   0x08004da0   0x00000150   Code   RO           15    .text.Page1_2       main.o
    0x08004ef0   0x08004ef0   0x00000084   Code   RO           17    .text.Page2         main.o
    0x08004f74   0x08004f74   0x000000a8   Code   RO           19    .text.Page3         main.o
    0x0800501c   0x0800501c   0x00000002   Code   RO          101    .text.PendSV_Handler  stm32g4xx_it.o
    0x0800501e   0x0800501e   0x00000002   PAD
    0x08005020   0x08005020   0x0000009c   Code   RO          892    .text.RCC_GetSysClockFreqFromPLLSource  stm32g4xx_hal_rcc.o
    0x080050bc   0x080050bc   0x0000011e   Code   RO          229    .text.REG_8230_Init  lcd.o
    0x080051da   0x080051da   0x00000002   PAD
    0x080051dc   0x080051dc   0x0000021c   Code   RO          233    .text.REG_932X_Init  lcd.o
    0x080053f8   0x080053f8   0x00000002   Code   RO           97    .text.SVC_Handler   stm32g4xx_it.o
    0x080053fa   0x080053fa   0x00000002   PAD
    0x080053fc   0x080053fc   0x00000052   Code   RO         1235    .text.SysTick_Config  stm32g4xx_hal_cortex.o
    0x0800544e   0x0800544e   0x00000002   PAD
    0x08005450   0x08005450   0x00000008   Code   RO          103    .text.SysTick_Handler  stm32g4xx_it.o
    0x08005458   0x08005458   0x00000076   Code   RO           37    .text.SystemClock_Config  main.o
    0x080054ce   0x080054ce   0x00000002   PAD
    0x080054d0   0x080054d0   0x00000012   Code   RO         1284    .text.SystemInit    system_stm32g4xx.o
    0x080054e2   0x080054e2   0x00000002   PAD
    0x080054e4   0x080054e4   0x00000010   Code   RO          105    .text.TIM2_IRQHandler  stm32g4xx_it.o
    0x080054f4   0x080054f4   0x00000010   Code   RO          107    .text.TIM3_IRQHandler  stm32g4xx_it.o
    0x08005504   0x08005504   0x00000010   Code   RO          109    .text.TIM6_DAC_IRQHandler  stm32g4xx_it.o
    0x08005514   0x08005514   0x00000196   Code   RO          329    .text.TIM_Base_SetConfig  stm32g4xx_hal_tim.o
    0x080056aa   0x080056aa   0x00000002   PAD
    0x080056ac   0x080056ac   0x00000036   Code   RO          363    .text.TIM_CCxChannelCmd  stm32g4xx_hal_tim.o
    0x080056e2   0x080056e2   0x00000002   PAD
    0x080056e4   0x080056e4   0x000000f0   Code   RO          487    .text.TIM_TI1_SetConfig  stm32g4xx_hal_tim.o
    0x080057d4   0x080057d4   0x0000006c   Code   RO          489    .text.TIM_TI2_SetConfig  stm32g4xx_hal_tim.o
    0x08005840   0x08005840   0x0000006a   Code   RO          491    .text.TIM_TI3_SetConfig  stm32g4xx_hal_tim.o
    0x080058aa   0x080058aa   0x00000002   PAD
    0x080058ac   0x080058ac   0x0000006c   Code   RO          493    .text.TIM_TI4_SetConfig  stm32g4xx_hal_tim.o
    0x08005918   0x08005918   0x00000004   Code   RO           95    .text.UsageFault_Handler  stm32g4xx_it.o
    0x0800591c   0x0800591c   0x00000030   Code   RO         1223    .text.__NVIC_EnableIRQ  stm32g4xx_hal_cortex.o
    0x0800594c   0x0800594c   0x00000010   Code   RO         1215    .text.__NVIC_GetPriorityGrouping  stm32g4xx_hal_cortex.o
    0x0800595c   0x0800595c   0x00000042   Code   RO         1217    .text.__NVIC_SetPriority  stm32g4xx_hal_cortex.o
    0x0800599e   0x0800599e   0x00000002   PAD
    0x080059a0   0x080059a0   0x0000003c   Code   RO         1211    .text.__NVIC_SetPriorityGrouping  stm32g4xx_hal_cortex.o
    0x080059dc   0x080059dc   0x00000084   Code   RO           35    .text.main          main.o
    0x08005a60   0x08005a60   0x0000003e   Code   RO         1463    CL$$btod_d2e        c_w.l(btod.o)
    0x08005a9e   0x08005a9e   0x00000046   Code   RO         1465    CL$$btod_d2e_denorm_low  c_w.l(btod.o)
    0x08005ae4   0x08005ae4   0x00000060   Code   RO         1464    CL$$btod_d2e_norm_op1  c_w.l(btod.o)
    0x08005b44   0x08005b44   0x00000338   Code   RO         1473    CL$$btod_div_common  c_w.l(btod.o)
    0x08005e7c   0x08005e7c   0x000000dc   Code   RO         1470    CL$$btod_e2e        c_w.l(btod.o)
    0x08005f58   0x08005f58   0x0000002a   Code   RO         1467    CL$$btod_ediv       c_w.l(btod.o)
    0x08005f82   0x08005f82   0x0000002a   Code   RO         1466    CL$$btod_emul       c_w.l(btod.o)
    0x08005fac   0x08005fac   0x00000244   Code   RO         1472    CL$$btod_mult_common  c_w.l(btod.o)
    0x080061f0   0x080061f0   0x00000030   Code   RO         1500    i.__ARM_fpclassify  m_wm.l(fpclassify.o)
    0x08006220   0x08006220   0x0000000e   Code   RO         1368    i._is_digit         c_w.l(__printf_wp.o)
    0x0800622e   0x0800622e   0x00000002   PAD
    0x08006230   0x08006230   0x0000002c   Code   RO         1488    locale$$code        c_w.l(lc_numeric_c.o)
    0x0800625c   0x0800625c   0x0000002c   Code   RO         1510    locale$$code        c_w.l(lc_ctype_c.o)
    0x08006288   0x08006288   0x0000000c   Code   RO         1401    x$fpl$dretinf       fz_wm.l(dretinf.o)
    0x08006294   0x08006294   0x00000056   Code   RO         1307    x$fpl$f2d           fz_wm.l(f2d.o)
    0x080062ea   0x080062ea   0x0000008c   Code   RO         1403    x$fpl$fnaninf       fz_wm.l(fnaninf.o)
    0x08006376   0x08006376   0x0000001a   Code   RO         1572    x$fpl$fpinit        fz_wm.l(fpinit.o)
    0x08006390   0x08006390   0x00000004   Code   RO         1405    x$fpl$printf1       fz_wm.l(printf1.o)
    0x08006394   0x08006394   0x00000004   Code   RO         1407    x$fpl$printf2       fz_wm.l(printf2.o)
    0x08006398   0x08006398   0x00000000   Code   RO         1413    x$fpl$usenofp       fz_wm.l(usenofp.o)
    0x08006398   0x08006398   0x00000008   Data   RO         1327    .constdata          c_w.l(_printf_wctomb.o)
    0x080063a0   0x080063a0   0x00000028   Data   RO         1356    .constdata          c_w.l(_printf_hex_int_ll_ptr.o)
    0x080063c8   0x080063c8   0x00000011   Data   RO         1376    .constdata          c_w.l(__printf_flags_ss_wp.o)
    0x080063d9   0x080063d9   0x00000026   Data   RO         1438    .constdata          c_w.l(_printf_fp_hex.o)
    0x080063ff   0x080063ff   0x00000001   PAD
    0x08006400   0x08006400   0x00000094   Data   RO         1461    .constdata          c_w.l(bigflt0.o)
    0x08006494   0x08006494   0x00000010   Data   RO         1289    .rodata.AHBPrescTable  system_stm32g4xx.o
    0x080064a4   0x080064a4   0x000011d0   Data   RO          295    .rodata.ASCII_Table  lcd.o
    0x08007674   0x08007674   0x00000115   Data   RO           66    .rodata.str1.1      main.o
    0x08007789   0x08007789   0x00000003   PAD
    0x0800778c   0x0800778c   0x00000020   Data   RO         1647    Region$$Table       anon$$obj.o
    0x080077ac   0x080077ac   0x0000001c   Data   RO         1487    locale$$data        c_w.l(lc_numeric_c.o)
    0x080077c8   0x080077c8   0x00000110   Data   RO         1509    locale$$data        c_w.l(lc_ctype_c.o)


    Execution Region RW_IRAM1 (Exec base: 0x20000000, Load base: 0x080078d8, Size: 0x000007d8, Max: 0x00008000, ABSOLUTE)

    Exec Addr    Load Addr    Size         Type   Attr      Idx    E Section Name        Object

    0x20000000   0x080078d8   0x00000002   Data   RW          298    .data.BackColor     lcd.o
    0x20000002   0x080078da   0x00000002   PAD
    0x20000004   0x080078dc   0x00000004   Data   RW           68    .data.FRE_Tick.Afre_min  main.o
    0x20000008   0x080078e0   0x00000004   Data   RW           70    .data.FRE_Tick.Bfre_min  main.o
    0x2000000c   0x080078e4   0x00000002   Data   RW           58    .data.PD            main.o
    0x2000000e   0x080078e6   0x00000002   Data   RW           59    .data.PH            main.o
    0x20000010   0x080078e8   0x00000004   Data   RW         1288    .data.SystemCoreClock  system_stm32g4xx.o
    0x20000014   0x080078ec   0x00000001   Data   RW          185    .data.key_prestate  key.o
    0x20000015   0x080078ed   0x00000001   Data   RW           56    .data.lcd_page1sign  main.o
    0x20000016   0x080078ee   0x00000001   Data   RW           55    .data.lcd_pagesign  main.o
    0x20000017   0x080078ef   0x00000001   Data   RW           57    .data.para_sign     main.o
    0x20000018   0x080078f0   0x00000004   Data   RW          877    .data.uwTickFreq    stm32g4xx_hal.o
    0x2000001c   0x080078f4   0x00000004   Data   RW          876    .data.uwTickPrio    stm32g4xx_hal.o
    0x20000020        -       0x00000060   Zero   RW         1503    .bss                c_w.l(libspace.o)
    0x20000080        -       0x00000004   Zero   RW           50    .bss.Afre           main.o
    0x20000084        -       0x00000004   Zero   RW           52    .bss.Afre_PX        main.o
    0x20000088        -       0x00000004   Zero   RW           51    .bss.Bfre           main.o
    0x2000008c        -       0x00000004   Zero   RW           53    .bss.Bfre_PX        main.o
    0x20000090        -       0x00000004   Zero   RW           69    .bss.FRE_Tick.Afre_max  main.o
    0x20000094        -       0x00000004   Zero   RW           71    .bss.FRE_Tick.Bfre_max  main.o
    0x20000098        -       0x00000002   Zero   RW           67    .bss.FRE_Tick.count  main.o
    0x2000009a   0x080078f8   0x00000002   PAD
    0x2000009c        -       0x00000004   Zero   RW           72    .bss.FRE_Tick.dna_flag  main.o
    0x200000a0        -       0x00000004   Zero   RW           73    .bss.FRE_Tick.dnb_flag  main.o
    0x200000a4        -       0x00000001   Zero   RW           74    .bss.FRE_Tick.nha_flag  main.o
    0x200000a5        -       0x00000001   Zero   RW           75    .bss.FRE_Tick.nhb_flag  main.o
    0x200000a6        -       0x00000001   Zero   RW          183    .bss.KEY_Tick_Click.key_count  key.o
    0x200000a7   0x080078f8   0x00000001   PAD
    0x200000a8        -       0x00000004   Zero   RW          204    .bss.KEY_Tick_KeepOn.key1_keepon_time  key.o
    0x200000ac        -       0x00000004   Zero   RW          205    .bss.KEY_Tick_KeepOn.key2_keepon_time  key.o
    0x200000b0        -       0x00000004   Zero   RW          206    .bss.KEY_Tick_KeepOn.key3_keepon_time  key.o
    0x200000b4        -       0x00000004   Zero   RW          207    .bss.KEY_Tick_KeepOn.key4_keepon_time  key.o
    0x200000b8        -       0x00000001   Zero   RW           65    .bss.LCD_Tick.lcd_count  main.o
    0x200000b9   0x080078f8   0x00000001   PAD
    0x200000ba        -       0x00000002   Zero   RW           61    .bss.NDA            main.o
    0x200000bc        -       0x00000002   Zero   RW           62    .bss.NDB            main.o
    0x200000be        -       0x00000002   Zero   RW           63    .bss.NHA            main.o
    0x200000c0        -       0x00000002   Zero   RW           64    .bss.NHB            main.o
    0x200000c2   0x080078f8   0x00000002   PAD
    0x200000c4        -       0x00000004   Zero   RW           60    .bss.PX             main.o
    0x200000c8        -       0x00000002   Zero   RW          297    .bss.TextColor      lcd.o
    0x200000ca   0x080078f8   0x00000002   PAD
    0x200000cc        -       0x00000004   Zero   RW           49    .bss.count          main.o
    0x200000d0        -       0x00000002   Zero   RW          296    .bss.dummy          lcd.o
    0x200000d2   0x080078f8   0x00000002   PAD
    0x200000d4        -       0x0000004c   Zero   RW           76    .bss.htim2          main.o
    0x20000120        -       0x0000004c   Zero   RW           77    .bss.htim3          main.o
    0x2000016c        -       0x0000004c   Zero   RW           78    .bss.htim6          main.o
    0x200001b8        -       0x00000001   Zero   RW          188    .bss.key1_click_down  key.o
    0x200001b9        -       0x00000001   Zero   RW          189    .bss.key1_click_up  key.o
    0x200001ba        -       0x00000001   Zero   RW          200    .bss.key1_doubleclick_sign  key.o
    0x200001bb        -       0x00000001   Zero   RW          208    .bss.key1_keepon    key.o
    0x200001bc        -       0x00000001   Zero   RW          190    .bss.key1_keepon_sign  key.o
    0x200001bd        -       0x00000001   Zero   RW          191    .bss.key2_click_down  key.o
    0x200001be        -       0x00000001   Zero   RW          192    .bss.key2_click_up  key.o
    0x200001bf        -       0x00000001   Zero   RW          201    .bss.key2_doubleclick_sign  key.o
    0x200001c0        -       0x00000001   Zero   RW          209    .bss.key2_keepon    key.o
    0x200001c1        -       0x00000001   Zero   RW          193    .bss.key2_keepon_sign  key.o
    0x200001c2        -       0x00000001   Zero   RW          194    .bss.key3_click_down  key.o
    0x200001c3        -       0x00000001   Zero   RW          195    .bss.key3_click_up  key.o
    0x200001c4        -       0x00000001   Zero   RW          202    .bss.key3_doubleclick_sign  key.o
    0x200001c5        -       0x00000001   Zero   RW          210    .bss.key3_keepon    key.o
    0x200001c6        -       0x00000001   Zero   RW          196    .bss.key3_keepon_sign  key.o
    0x200001c7        -       0x00000001   Zero   RW          197    .bss.key4_click_down  key.o
    0x200001c8        -       0x00000001   Zero   RW          198    .bss.key4_click_up  key.o
    0x200001c9        -       0x00000001   Zero   RW          203    .bss.key4_doubleclick_sign  key.o
    0x200001ca        -       0x00000001   Zero   RW          211    .bss.key4_keepon    key.o
    0x200001cb        -       0x00000001   Zero   RW          199    .bss.key4_keepon_sign  key.o
    0x200001cc        -       0x00000001   Zero   RW          184    .bss.key_curstate   key.o
    0x200001cd        -       0x00000001   Zero   RW          186    .bss.key_state_down  key.o
    0x200001ce        -       0x00000001   Zero   RW          187    .bss.key_state_up   key.o
    0x200001cf        -       0x00000001   Zero   RW           54    .bss.lcd_showsign   main.o
    0x200001d0        -       0x00000004   Zero   RW          878    .bss.uwTick         stm32g4xx_hal.o
    0x200001d4   0x080078f8   0x00000004   PAD
    0x200001d8        -       0x00000200   Zero   RW            2    HEAP                startup_stm32g431xx.o
    0x200003d8        -       0x00000400   Zero   RW            1    STACK               startup_stm32g431xx.o


==============================================================================

Image component sizes


      Code (inc. data)   RO Data    RW Data    ZI Data      Debug   Object Name

      1548          0          0          1         40       7298   key.o
      2400          0       4560          2          4       9164   lcd.o
       336          0          0          0          0       2966   led.o
      3764         12        277         15        282      11225   main.o
        64         26        472          0       1536        872   startup_stm32g431xx.o
       288          0          0          8          4       8465   stm32g4xx_hal.o
       478          0          0          0          0       9455   stm32g4xx_hal_cortex.o
       916          0          0          0          0       5353   stm32g4xx_hal_gpio.o
       428          0          0          0          0       8212   stm32g4xx_hal_msp.o
       454          0          0          0          0       7848   stm32g4xx_hal_pwr_ex.o
      3188          0          0          0          0       9437   stm32g4xx_hal_rcc.o
      3438         14          0          0          0      37903   stm32g4xx_hal_tim.o
       374          0          0          0          0      21714   stm32g4xx_hal_tim_ex.o
        82          0          0          0          0       1312   stm32g4xx_it.o
        18          0         16          4          0       2733   system_stm32g4xx.o

    ----------------------------------------------------------------------
     17860         52       5360         32       1880     143957   Object Totals
         0          0         32          0          0          0   (incl. Generated)
        84          0          3          2         14          0   (incl. Padding)

    ----------------------------------------------------------------------

      Code (inc. data)   RO Data    RW Data    ZI Data      Debug   Library Member Name

         8          0          0          0          0         68   __main.o
       392          4         17          0          0         92   __printf_flags_ss_wp.o
        14          0          0          0          0         68   __printf_wp.o
         0          0          0          0          0          0   __rtentry.o
        12          0          0          0          0          0   __rtentry2.o
         6          0          0          0          0          0   __rtentry4.o
        94          8          0          0          0          0   __scatter.o
        26          0          0          0          0          0   __scatter_copy.o
        28          0          0          0          0          0   __scatter_zi.o
        72          0          0          0          0         96   _c16rtomb.o
         6          0          0          0          0          0   _printf_a.o
         6          0          0          0          0          0   _printf_c.o
        44          0          0          0          0        108   _printf_char.o
        48          6          0          0          0         96   _printf_char_common.o
        40          0          0          0          0         68   _printf_charcount.o
         6          0          0          0          0          0   _printf_d.o
       120         16          0          0          0         92   _printf_dec.o
         6          0          0          0          0          0   _printf_e.o
         6          0          0          0          0          0   _printf_f.o
      1052          0          0          0          0        148   _printf_fp_dec.o
       764          8         38          0          0        100   _printf_fp_hex.o
       128         16          0          0          0         84   _printf_fp_infnan.o
         6          0          0          0          0          0   _printf_g.o
       148          4         40          0          0        160   _printf_hex_int_ll_ptr.o
         6          0          0          0          0          0   _printf_i.o
       178          0          0          0          0         88   _printf_intcommon.o
        10          0          0          0          0          0   _printf_l.o
         6          0          0          0          0          0   _printf_lc.o
        10          0          0          0          0          0   _printf_ll.o
         6          0          0          0          0          0   _printf_lld.o
         6          0          0          0          0          0   _printf_lli.o
         6          0          0          0          0          0   _printf_llo.o
         6          0          0          0          0          0   _printf_llu.o
         6          0          0          0          0          0   _printf_llx.o
       124         16          0          0          0         92   _printf_longlong_dec.o
         6          0          0          0          0          0   _printf_ls.o
         6          0          0          0          0          0   _printf_n.o
         6          0          0          0          0          0   _printf_o.o
       112          8          0          0          0        124   _printf_oct_int_ll.o
         6          0          0          0          0          0   _printf_p.o
        78          0          0          0          0        108   _printf_pad.o
         0          0          0          0          0          0   _printf_percent.o
         4          0          0          0          0          0   _printf_percent_end.o
         6          0          0          0          0          0   _printf_s.o
        82          0          0          0          0         80   _printf_str.o
        36          0          0          0          0         84   _printf_truncate.o
         6          0          0          0          0          0   _printf_u.o
        44          0          0          0          0        108   _printf_wchar.o
       188          6          8          0          0         92   _printf_wctomb.o
         6          0          0          0          0          0   _printf_x.o
        10          0          0          0          0         68   _sputc.o
       228          4        148          0          0         96   bigflt0.o
      1936        128          0          0          0        668   btod.o
        18          0          0          0          0         80   exit.o
         6          0          0          0          0        152   heapauxi.o
         0          0          0          0          0          0   indicate_semi.o
        44         10        272          0          0         76   lc_ctype_c.o
        44         10         28          0          0         76   lc_numeric_c.o
         2          0          0          0          0          0   libinit.o
        34          0          0          0          0          0   libinit2.o
         2          0          0          0          0          0   libshutdown.o
         2          0          0          0          0          0   libshutdown2.o
         8          4          0          0         96         68   libspace.o
       138          0          0          0          0         80   lludiv10.o
        16          4          0          0          0         76   rt_ctype_table.o
         8          4          0          0          0         68   rt_locale_intlibspace.o
        78          0          0          0          0         80   rt_memclr_w.o
         2          0          0          0          0          0   rtexit.o
        10          0          0          0          0          0   rtexit2.o
        44          6          0          0          0         84   sprintf.o
       124          0          0          0          0         88   strcmpv7em.o
        12          4          0          0          0         68   sys_exit.o
        74          0          0          0          0         80   sys_stackheap_outer.o
         2          0          0          0          0         68   use_no_semi.o
        12          0          0          0          0        116   dretinf.o
        86          4          0          0          0        132   f2d.o
       140          4          0          0          0        132   fnaninf.o
        26          0          0          0          0        116   fpinit.o
         4          0          0          0          0        116   printf1.o
         4          0          0          0          0        116   printf2.o
         0          0          0          0          0          0   usenofp.o
        48          0          0          0          0        124   fpclassify.o

    ----------------------------------------------------------------------
      7164        278        552          0         96       4784   Library Totals
        20          4          1          0          0          0   (incl. Padding)

    ----------------------------------------------------------------------

      Code (inc. data)   RO Data    RW Data    ZI Data      Debug   Library Name

      6824        266        551          0         96       3932   c_w.l
       272          8          0          0          0        728   fz_wm.l
        48          0          0          0          0        124   m_wm.l

    ----------------------------------------------------------------------
      7164        278        552          0         96       4784   Library Totals

    ----------------------------------------------------------------------

==============================================================================


      Code (inc. data)   RO Data    RW Data    ZI Data      Debug   

     25024        330       5912         32       1976     145969   Grand Totals
     25024        330       5912         32       1976     145969   ELF Image Totals
     25024        330       5912         32          0          0   ROM Totals

==============================================================================

    Total RO  Size (Code + RO Data)                30936 (  30.21kB)
    Total RW  Size (RW Data + ZI Data)              2008 (   1.96kB)
    Total ROM Size (Code + RO Data + RW Data)      30968 (  30.24kB)

==============================================================================

